Archive member included because of file (symbol)

c:/program files (x86)/atmel/atmel toolchain/arm gcc/native/4.8.1437/arm-gnu-toolchain/bin/../lib/gcc/arm-none-eabi/4.8.4/armv7-m\libgcc.a(_arm_addsubdf3.o)
                              src/TaskPWM.o (__aeabi_dadd)
c:/program files (x86)/atmel/atmel toolchain/arm gcc/native/4.8.1437/arm-gnu-toolchain/bin/../lib/gcc/arm-none-eabi/4.8.4/armv7-m\libgcc.a(_arm_muldivdf3.o)
                              src/TaskPWM.o (__aeabi_dmul)
c:/program files (x86)/atmel/atmel toolchain/arm gcc/native/4.8.1437/arm-gnu-toolchain/bin/../lib/gcc/arm-none-eabi/4.8.4/armv7-m\libgcc.a(_arm_fixdfsi.o)
                              src/TaskPWM.o (__aeabi_d2iz)
c:/program files (x86)/atmel/atmel toolchain/arm gcc/native/4.8.1437/arm-gnu-toolchain/bin/../lib/gcc/arm-none-eabi/4.8.4/armv7-m\libgcc.a(_arm_fixunsdfsi.o)
                              src/TaskAD.o (__aeabi_d2uiz)
c:/program files (x86)/atmel/atmel toolchain/arm gcc/native/4.8.1437/arm-gnu-toolchain/bin/../lib/gcc/arm-none-eabi/4.8.4/../../../../arm-none-eabi/lib/armv7-m\libc.a(lib_a-exit.o)
                              c:/program files (x86)/atmel/atmel toolchain/arm gcc/native/4.8.1437/arm-gnu-toolchain/bin/../lib/gcc/arm-none-eabi/4.8.4/../../../../arm-none-eabi/lib/armv7-m/crt0.o (exit)
c:/program files (x86)/atmel/atmel toolchain/arm gcc/native/4.8.1437/arm-gnu-toolchain/bin/../lib/gcc/arm-none-eabi/4.8.4/../../../../arm-none-eabi/lib/armv7-m\libc.a(lib_a-impure.o)
                              c:/program files (x86)/atmel/atmel toolchain/arm gcc/native/4.8.1437/arm-gnu-toolchain/bin/../lib/gcc/arm-none-eabi/4.8.4/../../../../arm-none-eabi/lib/armv7-m\libc.a(lib_a-exit.o) (_global_impure_ptr)
c:/program files (x86)/atmel/atmel toolchain/arm gcc/native/4.8.1437/arm-gnu-toolchain/bin/../lib/gcc/arm-none-eabi/4.8.4/../../../../arm-none-eabi/lib/armv7-m\libc.a(lib_a-init.o)
                              c:/program files (x86)/atmel/atmel toolchain/arm gcc/native/4.8.1437/arm-gnu-toolchain/bin/../lib/gcc/arm-none-eabi/4.8.4/../../../../arm-none-eabi/lib/armv7-m/crt0.o (__libc_init_array)
c:/program files (x86)/atmel/atmel toolchain/arm gcc/native/4.8.1437/arm-gnu-toolchain/bin/../lib/gcc/arm-none-eabi/4.8.4/../../../../arm-none-eabi/lib/armv7-m\libc.a(lib_a-iprintf.o)
                              src/ASF/sam/drivers/adc/adc.o (iprintf)
c:/program files (x86)/atmel/atmel toolchain/arm gcc/native/4.8.1437/arm-gnu-toolchain/bin/../lib/gcc/arm-none-eabi/4.8.4/../../../../arm-none-eabi/lib/armv7-m\libc.a(lib_a-memcpy.o)
                              src/ASF/thirdparty/freertos/freertos-7.3.0/source/queue.o (memcpy)
c:/program files (x86)/atmel/atmel toolchain/arm gcc/native/4.8.1437/arm-gnu-toolchain/bin/../lib/gcc/arm-none-eabi/4.8.4/../../../../arm-none-eabi/lib/armv7-m\libc.a(lib_a-memset.o)
                              c:/program files (x86)/atmel/atmel toolchain/arm gcc/native/4.8.1437/arm-gnu-toolchain/bin/../lib/gcc/arm-none-eabi/4.8.4/../../../../arm-none-eabi/lib/armv7-m/crt0.o (memset)
c:/program files (x86)/atmel/atmel toolchain/arm gcc/native/4.8.1437/arm-gnu-toolchain/bin/../lib/gcc/arm-none-eabi/4.8.4/../../../../arm-none-eabi/lib/armv7-m\libc.a(lib_a-puts.o)
                              src/ASF/sam/drivers/adc/adc.o (puts)
c:/program files (x86)/atmel/atmel toolchain/arm gcc/native/4.8.1437/arm-gnu-toolchain/bin/../lib/gcc/arm-none-eabi/4.8.4/../../../../arm-none-eabi/lib/armv7-m\libc.a(lib_a-setbuf.o)
                              src/main.o (setbuf)
c:/program files (x86)/atmel/atmel toolchain/arm gcc/native/4.8.1437/arm-gnu-toolchain/bin/../lib/gcc/arm-none-eabi/4.8.4/../../../../arm-none-eabi/lib/armv7-m\libc.a(lib_a-setvbuf.o)
                              c:/program files (x86)/atmel/atmel toolchain/arm gcc/native/4.8.1437/arm-gnu-toolchain/bin/../lib/gcc/arm-none-eabi/4.8.4/../../../../arm-none-eabi/lib/armv7-m\libc.a(lib_a-setbuf.o) (setvbuf)
c:/program files (x86)/atmel/atmel toolchain/arm gcc/native/4.8.1437/arm-gnu-toolchain/bin/../lib/gcc/arm-none-eabi/4.8.4/../../../../arm-none-eabi/lib/armv7-m\libc.a(lib_a-sprintf.o)
                              src/ASF/thirdparty/freertos/freertos-7.3.0/source/tasks.o (sprintf)
c:/program files (x86)/atmel/atmel toolchain/arm gcc/native/4.8.1437/arm-gnu-toolchain/bin/../lib/gcc/arm-none-eabi/4.8.4/../../../../arm-none-eabi/lib/armv7-m\libc.a(lib_a-strcat.o)
                              src/ASF/thirdparty/freertos/freertos-7.3.0/source/tasks.o (strcat)
c:/program files (x86)/atmel/atmel toolchain/arm gcc/native/4.8.1437/arm-gnu-toolchain/bin/../lib/gcc/arm-none-eabi/4.8.4/../../../../arm-none-eabi/lib/armv7-m\libc.a(lib_a-strcpy.o)
                              c:/program files (x86)/atmel/atmel toolchain/arm gcc/native/4.8.1437/arm-gnu-toolchain/bin/../lib/gcc/arm-none-eabi/4.8.4/../../../../arm-none-eabi/lib/armv7-m\libc.a(lib_a-strcat.o) (strcpy)
[...]
Memory Configuration

Name             Origin             Length             Attributes
rom              0x00080000         0x00080000         xr
sram0            0x20000000         0x00010000         xrw
sram1            0x20080000         0x00008000         xrw
ram              0x20070000         0x00018000         xrw
*default*        0x00000000         0xffffffff

Linker script and memory map

LOAD c:/program files (x86)/atmel/atmel toolchain/arm gcc/native/4.8.1437/arm-gnu-toolchain/bin/../lib/gcc/arm-none-eabi/4.8.4/armv7-m/crti.o
LOAD c:/program files (x86)/atmel/atmel toolchain/arm gcc/native/4.8.1437/arm-gnu-toolchain/bin/../lib/gcc/arm-none-eabi/4.8.4/armv7-m/crtbegin.o
LOAD c:/program files (x86)/atmel/atmel toolchain/arm gcc/native/4.8.1437/arm-gnu-toolchain/bin/../lib/gcc/arm-none-eabi/4.8.4/../../../../arm-none-eabi/lib/armv7-m/crt0.o
LOAD src/AD.o
LOAD src/ASF/common/utils/stdio/read.o
LOAD src/ASF/sam/drivers/adc/adc.o
LOAD src/ASF/sam/drivers/pwm/pwm.o
LOAD src/ASF/thirdparty/freertos/freertos-7.3.0/source/FreeRTOS_CLI.o
LOAD src/pwmFunctions.o
LOAD src/TaskPWM.o
LOAD src/TaskAD.o
LOAD src/TaskBluetooth.o
LOAD src/ASF/thirdparty/freertos/freertos-7.3.0/source/list.o
LOAD src/ASF/thirdparty/freertos/freertos-7.3.0/source/portable/gcc/sam/port.o
LOAD src/ASF/thirdparty/freertos/freertos-7.3.0/source/portable/memmang/heap_4.o
LOAD src/ASF/thirdparty/freertos/freertos-7.3.0/source/queue.o
LOAD src/ASF/thirdparty/freertos/freertos-7.3.0/source/tasks.o
LOAD src/ASF/thirdparty/freertos/freertos-7.3.0/source/timers.o
LOAD src/ASF/sam/drivers/adc/adc_sam3u.o
LOAD src/ASF/common/utils/stdio/write.o
LOAD src/ASF/common/services/serial/usart_serial.o
LOAD src/ASF/sam/drivers/tc/tc.o
LOAD src/ASF/sam/drivers/uart/uart.o
LOAD src/ASF/sam/drivers/usart/usart.o
LOAD src/ASF/common/services/clock/sam3x/sysclk.o
LOAD src/ASF/common/utils/interrupt/interrupt_sam_nvic.o
LOAD src/ASF/sam/boards/arduino_due_x/init.o
LOAD src/ASF/sam/drivers/pio/pio.o
LOAD src/ASF/sam/drivers/pio/pio_handler.o
LOAD src/ASF/sam/drivers/pmc/pmc.o
LOAD src/ASF/sam/drivers/pmc/sleep.o
LOAD src/ASF/sam/utils/cmsis/sam3x/source/templates/exceptions.o
LOAD src/ASF/sam/utils/cmsis/sam3x/source/templates/gcc/startup_sam3x.o
LOAD src/ASF/sam/utils/cmsis/sam3x/source/templates/system_sam3x.o
LOAD src/ASF/sam/utils/syscalls/gcc/syscalls.o
LOAD src/main.o
START GROUP
LOAD ../src/ASF/thirdparty/CMSIS/Lib/GCC\libarm_cortexM3l_math.a
LOAD c:/program files (x86)/atmel/atmel toolchain/arm gcc/native/4.8.1437/arm-gnu-toolchain/bin/../lib/gcc/arm-none-eabi/4.8.4/../../../../arm-none-eabi/lib/armv7-m\libm.a
END GROUP
START GROUP
LOAD c:/program files (x86)/atmel/atmel toolchain/arm gcc/native/4.8.1437/arm-gnu-toolchain/bin/../lib/gcc/arm-none-eabi/4.8.4/armv7-m\libgcc.a
LOAD c:/program files (x86)/atmel/atmel toolchain/arm gcc/native/4.8.1437/arm-gnu-toolchain/bin/../lib/gcc/arm-none-eabi/4.8.4/../../../../arm-none-eabi/lib/armv7-m\libc.a
END GROUP
LOAD c:/program files (x86)/atmel/atmel toolchain/arm gcc/native/4.8.1437/arm-gnu-toolchain/bin/../lib/gcc/arm-none-eabi/4.8.4/armv7-m/crtend.o
LOAD c:/program files (x86)/atmel/atmel toolchain/arm gcc/native/4.8.1437/arm-gnu-toolchain/bin/../lib/gcc/arm-none-eabi/4.8.4/armv7-m/crtn.o
                0x00002000                __stack_size__ = DEFINED (__stack_size__)?__stack_size__:0x2000
                0x20087ffc                __ram_end__ = ((ORIGIN (ram) + 0x18000) - 0x4)

.text           0x00080000     0x66e8
                0x00080000                . = ALIGN (0x4)
                0x00080000                _sfixed = .
 *(.vectors .vectors.*)
 .vectors       0x00080000       0xf4 src/ASF/sam/utils/cmsis/sam3x/source/templates/gcc/startup_sam3x.o
                0x00080000                exception_table
 *(.text .text.* .gnu.linkonce.t.*)
 .text          0x000800f4       0x54 c:/program files (x86)/atmel/atmel toolchain/arm gcc/native/4.8.1437/arm-gnu-toolchain/bin/../lib/gcc/arm-none-eabi/4.8.4/armv7-m/crtbegin.o
 .text.adc_setup
                0x00080148       0x78 src/AD.o
                0x00080148                adc_setup
 .text._read    0x000801c0       0x40 src/ASF/common/utils/stdio/read.o
                0x000801c0                _read
 .text.adc_init
                0x00080200       0x34 src/ASF/sam/drivers/adc/adc.o
                0x00080200                adc_init
 .text.adc_set_resolution
                0x00080234       0x10 src/ASF/sam/drivers/adc/adc.o
                0x00080234                adc_set_resolution
 .text.adc_configure_trigger
                0x00080244       0x10 src/ASF/sam/drivers/adc/adc.o
                0x00080244                adc_configure_trigger
 .text.adc_configure_timing
                0x00080254       0x20 src/ASF/sam/drivers/adc/adc.o
                0x00080254                adc_configure_timing
 .text.adc_start
                0x00080274        0x8 src/ASF/sam/drivers/adc/adc.o
                0x00080274                adc_start
 .text.adc_enable_channel
                0x0008027c        0xc src/ASF/sam/drivers/adc/adc.o
                0x0008027c                adc_enable_channel
 .text.adc_get_channel_value
                0x00080288       0x10 src/ASF/sam/drivers/adc/adc.o
                0x00080288                adc_get_channel_value
 .text.pwm_clocks_generate
                0x00080298       0x58 src/ASF/sam/drivers/pwm/pwm.o
 .text.pwm_init
                0x000802f0       0x40 src/ASF/sam/drivers/pwm/pwm.o
                0x000802f0                pwm_init
 .text.pwm_channel_init
                0x00080330      0x104 src/ASF/sam/drivers/pwm/pwm.o
                0x00080330                pwm_channel_init
 .text.pwm_channel_update_duty
                0x00080434       0x24 src/ASF/sam/drivers/pwm/pwm.o
                0x00080434                pwm_channel_update_duty
 .text.pwm_channel_enable
                0x00080458        0xc src/ASF/sam/drivers/pwm/pwm.o
                0x00080458                pwm_channel_enable
 .text.pwm_channel_disable
                0x00080464        0xc src/ASF/sam/drivers/pwm/pwm.o
                0x00080464                pwm_channel_disable
 .text.pwm_h_setup
                0x00080470       0x80 src/pwmFunctions.o
                0x00080470                pwm_h_setup
 .text.pwm_d_setup
                0x000804f0       0x7c src/pwmFunctions.o
                0x000804f0                pwm_d_setup
 .text.pwm_fl_setup
                0x0008056c       0x80 src/pwmFunctions.o
                0x0008056c                pwm_fl_setup
 .text.pwm_fr_setup
                0x000805ec       0x80 src/pwmFunctions.o
                0x000805ec                pwm_fr_setup
 .text.pwm_bl_setup
                0x0008066c       0x80 src/pwmFunctions.o
                0x0008066c                pwm_bl_setup
 .text.pwm_br_setup
                0x000806ec       0x80 src/pwmFunctions.o
                0x000806ec                pwm_br_setup
 .text.pwm_setup
                0x0008076c       0x54 src/pwmFunctions.o
                0x0008076c                pwm_setup
 .text.update_pwm
                0x000807c0       0x30 src/pwmFunctions.o
                0x000807c0                update_pwm
 .text.task_pwm
                0x000807f0      0x33c src/TaskPWM.o
                0x000807f0                task_pwm
 *fill*         0x00080b2c        0x4 
 .text.GetSensorValue
                0x00080b30      0x158 src/TaskAD.o
                0x00080b30                GetSensorValue
 .text.task_ad  0x00080c88       0x2c src/TaskAD.o
                0x00080c88                task_ad
 .text.task_bluetooth
                0x00080cb4       0x1c src/TaskBluetooth.o
                0x00080cb4                task_bluetooth
 .text.vListInitialise
                0x00080cd0       0x18 src/ASF/thirdparty/freertos/freertos-7.3.0/source/list.o
                0x00080cd0                vListInitialise
 .text.vListInitialiseItem
                0x00080ce8        0x8 src/ASF/thirdparty/freertos/freertos-7.3.0/source/list.o
                0x00080ce8                vListInitialiseItem
 .text.vListInsertEnd
                0x00080cf0       0x1c src/ASF/thirdparty/freertos/freertos-7.3.0/source/list.o
                0x00080cf0                vListInsertEnd
 .text.vListInsert
                0x00080d0c       0x3c src/ASF/thirdparty/freertos/freertos-7.3.0/source/list.o
                0x00080d0c                vListInsert
 .text.uxListRemove
                0x00080d48       0x28 src/ASF/thirdparty/freertos/freertos-7.3.0/source/list.o
                0x00080d48                uxListRemove
 .text.prvPortStartFirstTask
                0x00080d70       0x14 src/ASF/thirdparty/freertos/freertos-7.3.0/source/portable/gcc/sam/port.o
 .text.pxPortInitialiseStack
                0x00080d84       0x1c src/ASF/thirdparty/freertos/freertos-7.3.0/source/portable/gcc/sam/port.o
                0x00080d84                pxPortInitialiseStack
 .text.SVC_Handler
                0x00080da0       0x20 src/ASF/thirdparty/freertos/freertos-7.3.0/source/portable/gcc/sam/port.o
                0x00080da0                SVC_Handler
 .text.vPortYieldFromISR
                0x00080dc0       0x10 src/ASF/thirdparty/freertos/freertos-7.3.0/source/portable/gcc/sam/port.o
                0x00080dc0                vPortYieldFromISR
 .text.ulPortSetInterruptMask
                0x00080dd0       0x10 src/ASF/thirdparty/freertos/freertos-7.3.0/source/portable/gcc/sam/port.o
                0x00080dd0                ulPortSetInterruptMask
 .text.vPortEnterCritical
                0x00080de0       0x18 src/ASF/thirdparty/freertos/freertos-7.3.0/source/portable/gcc/sam/port.o
                0x00080de0                vPortEnterCritical
 .text.vPortClearInterruptMask
                0x00080df8        0x8 src/ASF/thirdparty/freertos/freertos-7.3.0/source/portable/gcc/sam/port.o
                0x00080df8                vPortClearInterruptMask
 .text.vPortExitCritical
                0x00080e00       0x1c src/ASF/thirdparty/freertos/freertos-7.3.0/source/portable/gcc/sam/port.o
                0x00080e00                vPortExitCritical
 .text.PendSV_Handler
                0x00080e1c       0x3c src/ASF/thirdparty/freertos/freertos-7.3.0/source/portable/gcc/sam/port.o
                0x00080e1c                PendSV_Handler
 .text.SysTick_Handler
                0x00080e58       0x2c src/ASF/thirdparty/freertos/freertos-7.3.0/source/portable/gcc/sam/port.o
                0x00080e58                SysTick_Handler
 .text.vPortSetupTimerInterrupt
                0x00080e84       0x18 src/ASF/thirdparty/freertos/freertos-7.3.0/source/portable/gcc/sam/port.o
                0x00080e84                vPortSetupTimerInterrupt
 .text.xPortStartScheduler
                0x00080e9c       0x38 src/ASF/thirdparty/freertos/freertos-7.3.0/source/portable/gcc/sam/port.o
                0x00080e9c                xPortStartScheduler
 .text.prvInsertBlockIntoFreeList
                0x00080ed4       0x58 src/ASF/thirdparty/freertos/freertos-7.3.0/source/portable/memmang/heap_4.o
 .text.pvPortMalloc
                0x00080f2c       0xc4 src/ASF/thirdparty/freertos/freertos-7.3.0/source/portable/memmang/heap_4.o
                0x00080f2c                pvPortMalloc
 .text.vPortFree
                0x00080ff0       0x34 src/ASF/thirdparty/freertos/freertos-7.3.0/source/portable/memmang/heap_4.o
                0x00080ff0                vPortFree
 .text.prvCopyDataToQueue
                0x00081024       0x64 src/ASF/thirdparty/freertos/freertos-7.3.0/source/queue.o
 .text.prvCopyDataFromQueue
                0x00081088       0x28 src/ASF/thirdparty/freertos/freertos-7.3.0/source/queue.o
 .text.prvUnlockQueue
                0x000810b0       0x8c src/ASF/thirdparty/freertos/freertos-7.3.0/source/queue.o
 .text.xQueueGenericReset
                0x0008113c       0x7c src/ASF/thirdparty/freertos/freertos-7.3.0/source/queue.o
                0x0008113c                xQueueGenericReset
 .text.xQueueGenericCreate
                0x000811b8       0x58 src/ASF/thirdparty/freertos/freertos-7.3.0/source/queue.o
                0x000811b8                xQueueGenericCreate
 .text.xQueueGenericSend
                0x00081210      0x11c src/ASF/thirdparty/freertos/freertos-7.3.0/source/queue.o
                0x00081210                xQueueGenericSend
 .text.xQueueGenericSendFromISR
                0x0008132c       0x90 src/ASF/thirdparty/freertos/freertos-7.3.0/source/queue.o
                0x0008132c                xQueueGenericSendFromISR
 .text.xQueueGenericReceive
                0x000813bc      0x15c src/ASF/thirdparty/freertos/freertos-7.3.0/source/queue.o
                0x000813bc                xQueueGenericReceive
 .text.vQueueWaitForMessageRestricted
                0x00081518       0x4c src/ASF/thirdparty/freertos/freertos-7.3.0/source/queue.o
                0x00081518                vQueueWaitForMessageRestricted
 .text.prvAddCurrentTaskToDelayedList
                0x00081564       0x58 src/ASF/thirdparty/freertos/freertos-7.3.0/source/tasks.o
 .text.xTaskGenericCreate
                0x000815bc      0x208 src/ASF/thirdparty/freertos/freertos-7.3.0/source/tasks.o
                0x000815bc                xTaskGenericCreate
 .text.vTaskStartScheduler
                0x000817c4       0x68 src/ASF/thirdparty/freertos/freertos-7.3.0/source/tasks.o
                0x000817c4                vTaskStartScheduler
 .text.vTaskSuspendAll
                0x0008182c       0x10 src/ASF/thirdparty/freertos/freertos-7.3.0/source/tasks.o
                0x0008182c                vTaskSuspendAll
 .text.xTaskGetTickCount
                0x0008183c       0x20 src/ASF/thirdparty/freertos/freertos-7.3.0/source/tasks.o
                0x0008183c                xTaskGetTickCount
 .text.vTaskIncrementTick
                0x0008185c      0x120 src/ASF/thirdparty/freertos/freertos-7.3.0/source/tasks.o
                0x0008185c                vTaskIncrementTick
 .text.xTaskResumeAll
                0x0008197c      0x108 src/ASF/thirdparty/freertos/freertos-7.3.0/source/tasks.o
                0x0008197c                xTaskResumeAll
 .text.vTaskDelayUntil
                0x00081a84       0x90 src/ASF/thirdparty/freertos/freertos-7.3.0/source/tasks.o
                0x00081a84                vTaskDelayUntil
 .text.prvIdleTask
                0x00081b14       0x84 src/ASF/thirdparty/freertos/freertos-7.3.0/source/tasks.o
 .text.vTaskSwitchContext
                0x00081b98       0x90 src/ASF/thirdparty/freertos/freertos-7.3.0/source/tasks.o
                0x00081b98                vTaskSwitchContext
 .text.vTaskPlaceOnEventList
                0x00081c28       0x60 src/ASF/thirdparty/freertos/freertos-7.3.0/source/tasks.o
                0x00081c28                vTaskPlaceOnEventList
 .text.vTaskPlaceOnEventListRestricted
                0x00081c88       0x44 src/ASF/thirdparty/freertos/freertos-7.3.0/source/tasks.o
                0x00081c88                vTaskPlaceOnEventListRestricted
 .text.xTaskRemoveFromEventList
                0x00081ccc       0x84 src/ASF/thirdparty/freertos/freertos-7.3.0/source/tasks.o
                0x00081ccc                xTaskRemoveFromEventList
 .text.vTaskSetTimeOutState
                0x00081d50       0x28 src/ASF/thirdparty/freertos/freertos-7.3.0/source/tasks.o
                0x00081d50                vTaskSetTimeOutState
 .text.xTaskCheckForTimeOut
                0x00081d78       0x84 src/ASF/thirdparty/freertos/freertos-7.3.0/source/tasks.o
                0x00081d78                xTaskCheckForTimeOut
 .text.vTaskMissedYield
                0x00081dfc        0xc src/ASF/thirdparty/freertos/freertos-7.3.0/source/tasks.o
                0x00081dfc                vTaskMissedYield
 .text.xTaskGetCurrentTaskHandle
                0x00081e08        0xc src/ASF/thirdparty/freertos/freertos-7.3.0/source/tasks.o
                0x00081e08                xTaskGetCurrentTaskHandle
 .text.xTaskGetSchedulerState
                0x00081e14       0x20 src/ASF/thirdparty/freertos/freertos-7.3.0/source/tasks.o
                0x00081e14                xTaskGetSchedulerState
 .text.vTaskPriorityInherit
                0x00081e34       0x7c src/ASF/thirdparty/freertos/freertos-7.3.0/source/tasks.o
                0x00081e34                vTaskPriorityInherit
 .text.vTaskPriorityDisinherit
                0x00081eb0       0x50 src/ASF/thirdparty/freertos/freertos-7.3.0/source/tasks.o
                0x00081eb0                vTaskPriorityDisinherit
 .text.prvInsertTimerInActiveList
                0x00081f00       0x4c src/ASF/thirdparty/freertos/freertos-7.3.0/source/timers.o
 .text.prvCheckForValidListAndQueue
                0x00081f4c       0x5c src/ASF/thirdparty/freertos/freertos-7.3.0/source/timers.o
 .text.xTimerCreateTimerTask
                0x00081fa8       0x4c src/ASF/thirdparty/freertos/freertos-7.3.0/source/timers.o
                0x00081fa8                xTimerCreateTimerTask
 .text.xTimerGenericCommand
                0x00081ff4       0x54 src/ASF/thirdparty/freertos/freertos-7.3.0/source/timers.o
                0x00081ff4                xTimerGenericCommand
 .text.prvSampleTimeNow
                0x00082048       0xb4 src/ASF/thirdparty/freertos/freertos-7.3.0/source/timers.o
 .text.prvTimerTask
                0x000820fc      0x170 src/ASF/thirdparty/freertos/freertos-7.3.0/source/timers.o
 .text._write   0x0008226c       0x54 src/ASF/common/utils/stdio/write.o
                0x0008226c                _write
 .text.uart_init
                0x000822c0       0x38 src/ASF/sam/drivers/uart/uart.o
                0x000822c0                uart_init
 .text.uart_write
                0x000822f8       0x10 src/ASF/sam/drivers/uart/uart.o
                0x000822f8                uart_write
 .text.uart_read
                0x00082308       0x14 src/ASF/sam/drivers/uart/uart.o
                0x00082308                uart_read
 .text.usart_write
                0x0008231c       0x14 src/ASF/sam/drivers/usart/usart.o
                0x0008231c                usart_write
 .text.usart_read
                0x00082330       0x18 src/ASF/sam/drivers/usart/usart.o
                0x00082330                usart_read
 .text.sysclk_init
                0x00082348       0x60 src/ASF/common/services/clock/sam3x/sysclk.o
                0x00082348                sysclk_init
 .text.board_init
                0x000823a8       0x80 src/ASF/sam/boards/arduino_due_x/init.o
                0x000823a8                board_init
 .text.pio_set_peripheral
                0x00082428       0x40 src/ASF/sam/drivers/pio/pio.o
                0x00082428                pio_set_peripheral
 .text.pio_set_input
                0x00082468       0x34 src/ASF/sam/drivers/pio/pio.o
                0x00082468                pio_set_input
 .text.pio_set_output
                0x0008249c       0x28 src/ASF/sam/drivers/pio/pio.o
                0x0008249c                pio_set_output
 .text.pio_get_interrupt_status
                0x000824c4        0x4 src/ASF/sam/drivers/pio/pio.o
                0x000824c4                pio_get_interrupt_status
 .text.pio_get_interrupt_mask
                0x000824c8        0x4 src/ASF/sam/drivers/pio/pio.o
                0x000824c8                pio_get_interrupt_mask
 .text.pio_configure_pin
                0x000824cc       0xd4 src/ASF/sam/drivers/pio/pio.o
                0x000824cc                pio_configure_pin
 .text.pio_configure_pin_group
                0x000825a0       0xa0 src/ASF/sam/drivers/pio/pio.o
                0x000825a0                pio_configure_pin_group
 .text.pio_handler_process
                0x00082640       0x4c src/ASF/sam/drivers/pio/pio_handler.o
                0x00082640                pio_handler_process
 .text.PIOA_Handler
                0x0008268c       0x14 src/ASF/sam/drivers/pio/pio_handler.o
                0x0008268c                PIOA_Handler
 .text.PIOB_Handler
                0x000826a0       0x14 src/ASF/sam/drivers/pio/pio_handler.o
                0x000826a0                PIOB_Handler
 .text.PIOC_Handler
                0x000826b4       0x14 src/ASF/sam/drivers/pio/pio_handler.o
                0x000826b4                PIOC_Handler
 .text.PIOD_Handler
                0x000826c8       0x14 src/ASF/sam/drivers/pio/pio_handler.o
                0x000826c8                PIOD_Handler
 .text.pmc_switch_mck_to_pllack
                0x000826dc       0x64 src/ASF/sam/drivers/pmc/pmc.o
                0x000826dc                pmc_switch_mck_to_pllack
 .text.pmc_switch_mainck_to_xtal
                0x00082740       0x54 src/ASF/sam/drivers/pmc/pmc.o
                0x00082740                pmc_switch_mainck_to_xtal
 .text.pmc_osc_is_ready_mainck
                0x00082794       0x10 src/ASF/sam/drivers/pmc/pmc.o
                0x00082794                pmc_osc_is_ready_mainck
 .text.pmc_disable_pllack
                0x000827a4       0x10 src/ASF/sam/drivers/pmc/pmc.o
                0x000827a4                pmc_disable_pllack
 .text.pmc_is_locked_pllack
                0x000827b4       0x10 src/ASF/sam/drivers/pmc/pmc.o
                0x000827b4                pmc_is_locked_pllack
 .text.pmc_enable_periph_clk
                0x000827c4       0x58 src/ASF/sam/drivers/pmc/pmc.o
                0x000827c4                pmc_enable_periph_clk
 .text.Dummy_Handler
                0x0008281c        0x4 src/ASF/sam/utils/cmsis/sam3x/source/templates/exceptions.o
                0x0008281c                DACC_Handler
                0x0008281c                DebugMon_Handler
                0x0008281c                DMAC_Handler
                0x0008281c                TRNG_Handler
                0x0008281c                HardFault_Handler
                0x0008281c                TC2_Handler
                0x0008281c                USART3_Handler
                0x0008281c                TWI1_Handler
                0x0008281c                NMI_Handler
                0x0008281c                TC7_Handler
                0x0008281c                ADC_Handler
                0x0008281c                SMC_Handler
                0x0008281c                USART0_Handler
                0x0008281c                RTT_Handler
                0x0008281c                EFC1_Handler
                0x0008281c                RTC_Handler
                0x0008281c                UsageFault_Handler
                0x0008281c                TC6_Handler
                0x0008281c                WDT_Handler
                0x0008281c                CAN0_Handler
                0x0008281c                TC4_Handler
                0x0008281c                TC1_Handler
                0x0008281c                HSMCI_Handler
                0x0008281c                TC3_Handler
                0x0008281c                Dummy_Handler
                0x0008281c                TWI0_Handler
                0x0008281c                USART1_Handler
                0x0008281c                SSC_Handler
                0x0008281c                EFC0_Handler
                0x0008281c                PMC_Handler
                0x0008281c                PWM_Handler
                0x0008281c                CAN1_Handler
                0x0008281c                MemManage_Handler
                0x0008281c                SUPC_Handler
                0x0008281c                TC8_Handler
                0x0008281c                USART2_Handler
                0x0008281c                EMAC_Handler
                0x0008281c                UART_Handler
                0x0008281c                BusFault_Handler
                0x0008281c                RSTC_Handler
                0x0008281c                TC0_Handler
                0x0008281c                TC5_Handler
                0x0008281c                UOTGHS_Handler
                0x0008281c                SPI0_Handler
 .text.Reset_Handler
                0x00082820       0xb0 src/ASF/sam/utils/cmsis/sam3x/source/templates/gcc/startup_sam3x.o
                0x00082820                Reset_Handler
 .text.SystemCoreClockUpdate
                0x000828d0      0x11c src/ASF/sam/utils/cmsis/sam3x/source/templates/system_sam3x.o
                0x000828d0                SystemCoreClockUpdate
 .text.system_init_flash
                0x000829ec       0x88 src/ASF/sam/utils/cmsis/sam3x/source/templates/system_sam3x.o
                0x000829ec                system_init_flash
 .text._sbrk    0x00082a74       0x34 src/ASF/sam/utils/syscalls/gcc/syscalls.o
                0x00082a74                _sbrk
 .text._close   0x00082aa8        0x8 src/ASF/sam/utils/syscalls/gcc/syscalls.o
                0x00082aa8                _close
 .text._fstat   0x00082ab0        0xc src/ASF/sam/utils/syscalls/gcc/syscalls.o
                0x00082ab0                _fstat
 .text._isatty  0x00082abc        0x4 src/ASF/sam/utils/syscalls/gcc/syscalls.o
                0x00082abc                _isatty
 .text._lseek   0x00082ac0        0x4 src/ASF/sam/utils/syscalls/gcc/syscalls.o
                0x00082ac0                _lseek
 .text.usart_serial_getchar
                0x00082ac4       0xa8 src/main.o
 .text.usart_serial_putchar
                0x00082b6c       0xa8 src/main.o
 .text.main     0x00082c14      0x168 src/main.o
                0x00082c14                main
 .text          0x00082d7c      0x370 c:/program files (x86)/atmel/atmel toolchain/arm gcc/native/4.8.1437/arm-gnu-toolchain/bin/../lib/gcc/arm-none-eabi/4.8.4/armv7-m\libgcc.a(_arm_addsubdf3.o)
                0x00082d7c                __aeabi_drsub
                0x00082d84                __aeabi_dsub
                0x00082d84                __subdf3
                0x00082d88                __aeabi_dadd
                0x00082d88                __adddf3
                0x00083000                __floatunsidf
                0x00083000                __aeabi_ui2d
                0x00083020                __floatsidf
                0x00083020                __aeabi_i2d
                0x00083044                __aeabi_f2d
                0x00083044                __extendsfdf2
                0x00083080                __floatundidf
                0x00083080                __aeabi_ul2d
                0x00083090                __floatdidf
                0x00083090                __aeabi_l2d
 .text          0x000830ec      0x424 c:/program files (x86)/atmel/atmel toolchain/arm gcc/native/4.8.1437/arm-gnu-toolchain/bin/../lib/gcc/arm-none-eabi/4.8.4/armv7-m\libgcc.a(_arm_muldivdf3.o)
                0x000830ec                __aeabi_dmul
                0x000830ec                __muldf3
                0x00083340                __divdf3
                0x00083340                __aeabi_ddiv
 .text          0x00083510       0x50 c:/program files (x86)/atmel/atmel toolchain/arm gcc/native/4.8.1437/arm-gnu-toolchain/bin/../lib/gcc/arm-none-eabi/4.8.4/armv7-m\libgcc.a(_arm_fixdfsi.o)
                0x00083510                __aeabi_d2iz
                0x00083510                __fixdfsi
 .text          0x00083560       0x40 c:/program files (x86)/atmel/atmel toolchain/arm gcc/native/4.8.1437/arm-gnu-toolchain/bin/../lib/gcc/arm-none-eabi/4.8.4/armv7-m\libgcc.a(_arm_fixunsdfsi.o)
                0x00083560                __aeabi_d2uiz
                0x00083560                __fixunsdfsi
 .text.__libc_init_array
                0x000835a0       0x50 c:/program files (x86)/atmel/atmel toolchain/arm gcc/native/4.8.1437/arm-gnu-toolchain/bin/../lib/gcc/arm-none-eabi/4.8.4/../../../../arm-none-eabi/lib/armv7-m\libc.a(lib_a-init.o)
                0x000835a0                __libc_init_array
 .text.iprintf  0x000835f0       0x28 c:/program files (x86)/atmel/atmel toolchain/arm gcc/native/4.8.1437/arm-gnu-toolchain/bin/../lib/gcc/arm-none-eabi/4.8.4/../../../../arm-none-eabi/lib/armv7-m\libc.a(lib_a-iprintf.o)
                0x000835f0                iprintf
 .text          0x00083618       0xec c:/program files (x86)/atmel/atmel toolchain/arm gcc/native/4.8.1437/arm-gnu-toolchain/bin/../lib/gcc/arm-none-eabi/4.8.4/../../../../arm-none-eabi/lib/armv7-m\libc.a(lib_a-memcpy.o)
                0x00083618                memcpy
 .text.memset   0x00083704       0x94 c:/program files (x86)/atmel/atmel toolchain/arm gcc/native/4.8.1437/arm-gnu-toolchain/bin/../lib/gcc/arm-none-eabi/4.8.4/../../../../arm-none-eabi/lib/armv7-m\libc.a(lib_a-memset.o)
                0x00083704                memset
 .text.setbuf   0x00083798       0x10 c:/program files (x86)/atmel/atmel toolchain/arm gcc/native/4.8.1437/arm-gnu-toolchain/bin/../lib/gcc/arm-none-eabi/4.8.4/../../../../arm-none-eabi/lib/armv7-m\libc.a(lib_a-setbuf.o)
                0x00083798                setbuf
 .text.setvbuf  0x000837a8      0x100 c:/program files (x86)/atmel/atmel toolchain/arm gcc/native/4.8.1437/arm-gnu-toolchain/bin/../lib/gcc/arm-none-eabi/4.8.4/../../../../arm-none-eabi/lib/armv7-m\libc.a(lib_a-setvbuf.o)
                0x000837a8                setvbuf
 .text.strlen   0x000838a8       0x60 c:/program files (x86)/atmel/atmel toolchain/arm gcc/native/4.8.1437/arm-gnu-toolchain/bin/../lib/gcc/arm-none-eabi/4.8.4/../../../../arm-none-eabi/lib/armv7-m\libc.a(lib_a-strlen.o)
                0x000838a8                strlen
 .text.strncpy  0x00083908       0x64 c:/program files (x86)/atmel/atmel toolchain/arm gcc/native/4.8.1437/arm-gnu-toolchain/bin/../lib/gcc/arm-none-eabi/4.8.4/../../../../arm-none-eabi/lib/armv7-m\libc.a(lib_a-strncpy.o)
                0x00083908                strncpy
 .text.__sprint_r.part.0
                0x0008396c       0x78 c:/program files (x86)/atmel/atmel toolchain/arm gcc/native/4.8.1437/arm-gnu-toolchain/bin/../lib/gcc/arm-none-eabi/4.8.4/../../../../arm-none-eabi/lib/armv7-m\libc.a(lib_a-vfiprintf.o)
 .text._vfiprintf_r
                0x000839e4      0xc54 c:/program files (x86)/atmel/atmel toolchain/arm gcc/native/4.8.1437/arm-gnu-toolchain/bin/../lib/gcc/arm-none-eabi/4.8.4/../../../../arm-none-eabi/lib/armv7-m\libc.a(lib_a-vfiprintf.o)
                0x000839e4                _vfiprintf_r
 .text.__sbprintf
                0x00084638       0x7c c:/program files (x86)/atmel/atmel toolchain/arm gcc/native/4.8.1437/arm-gnu-toolchain/bin/../lib/gcc/arm-none-eabi/4.8.4/../../../../arm-none-eabi/lib/armv7-m\libc.a(lib_a-vfiprintf.o)
 .text.__swsetup_r
                0x000846b4       0xc4 c:/program files (x86)/atmel/atmel toolchain/arm gcc/native/4.8.1437/arm-gnu-toolchain/bin/../lib/gcc/arm-none-eabi/4.8.4/../../../../arm-none-eabi/lib/armv7-m\libc.a(lib_a-wsetup.o)
                0x000846b4                __swsetup_r
 .text.startup.register_fini
                0x00084778       0x14 c:/program files (x86)/atmel/atmel toolchain/arm gcc/native/4.8.1437/arm-gnu-toolchain/bin/../lib/gcc/arm-none-eabi/4.8.4/../../../../arm-none-eabi/lib/armv7-m\libc.a(lib_a-__call_atexit.o)
 .text.atexit   0x0008478c        0xc c:/program files (x86)/atmel/atmel toolchain/arm gcc/native/4.8.1437/arm-gnu-toolchain/bin/../lib/gcc/arm-none-eabi/4.8.4/../../../../arm-none-eabi/lib/armv7-m\libc.a(lib_a-atexit.o)
                0x0008478c                atexit
 .text.__sflush_r
                0x00084798      0x148 c:/program files (x86)/atmel/atmel toolchain/arm gcc/native/4.8.1437/arm-gnu-toolchain/bin/../lib/gcc/arm-none-eabi/4.8.4/../../../../arm-none-eabi/lib/armv7-m\libc.a(lib_a-fflush.o)
                0x00084798                __sflush_r
 .text._fflush_r
                0x000848e0       0x2c c:/program files (x86)/atmel/atmel toolchain/arm gcc/native/4.8.1437/arm-gnu-toolchain/bin/../lib/gcc/arm-none-eabi/4.8.4/../../../../arm-none-eabi/lib/armv7-m\libc.a(lib_a-fflush.o)
                0x000848e0                _fflush_r
 .text._cleanup_r
                0x0008490c        0xc c:/program files (x86)/atmel/atmel toolchain/arm gcc/native/4.8.1437/arm-gnu-toolchain/bin/../lib/gcc/arm-none-eabi/4.8.4/../../../../arm-none-eabi/lib/armv7-m\libc.a(lib_a-findfp.o)
                0x0008490c                _cleanup_r
 .text.__sinit  0x00084918       0xf4 c:/program files (x86)/atmel/atmel toolchain/arm gcc/native/4.8.1437/arm-gnu-toolchain/bin/../lib/gcc/arm-none-eabi/4.8.4/../../../../arm-none-eabi/lib/armv7-m\libc.a(lib_a-findfp.o)
                0x00084918                __sinit
 .text.__sfp_lock_acquire
                0x00084a0c        0x4 c:/program files (x86)/atmel/atmel toolchain/arm gcc/native/4.8.1437/arm-gnu-toolchain/bin/../lib/gcc/arm-none-eabi/4.8.4/../../../../arm-none-eabi/lib/armv7-m\libc.a(lib_a-findfp.o)
                0x00084a0c                __sfp_lock_acquire
 .text.__sfp_lock_release
                0x00084a10        0x4 c:/program files (x86)/atmel/atmel toolchain/arm gcc/native/4.8.1437/arm-gnu-toolchain/bin/../lib/gcc/arm-none-eabi/4.8.4/../../../../arm-none-eabi/lib/armv7-m\libc.a(lib_a-findfp.o)
                0x00084a10                __sfp_lock_release
 .text.__libc_fini_array
                0x00084a14       0x30 c:/program files (x86)/atmel/atmel toolchain/arm gcc/native/4.8.1437/arm-gnu-toolchain/bin/../lib/gcc/arm-none-eabi/4.8.4/../../../../arm-none-eabi/lib/armv7-m\libc.a(lib_a-fini.o)
                0x00084a14                __libc_fini_array
 .text._fputwc_r
                0x00084a44       0xc0 c:/program files (x86)/atmel/atmel toolchain/arm gcc/native/4.8.1437/arm-gnu-toolchain/bin/../lib/gcc/arm-none-eabi/4.8.4/../../../../arm-none-eabi/lib/armv7-m\libc.a(lib_a-fputwc.o)
                0x00084a44                _fputwc_r
 .text._malloc_trim_r
                0x00084b04       0x9c c:/program files (x86)/atmel/atmel toolchain/arm gcc/native/4.8.1437/arm-gnu-toolchain/bin/../lib/gcc/arm-none-eabi/4.8.4/../../../../arm-none-eabi/lib/armv7-m\libc.a(lib_a-freer.o)
                0x00084b04                _malloc_trim_r
 .text._free_r  0x00084ba0      0x198 c:/program files (x86)/atmel/atmel toolchain/arm gcc/native/4.8.1437/arm-gnu-toolchain/bin/../lib/gcc/arm-none-eabi/4.8.4/../../../../arm-none-eabi/lib/armv7-m\libc.a(lib_a-freer.o)
                0x00084ba0                _free_r
 .text.__sfvwrite_r
                0x00084d38      0x318 c:/program files (x86)/atmel/atmel toolchain/arm gcc/native/4.8.1437/arm-gnu-toolchain/bin/../lib/gcc/arm-none-eabi/4.8.4/../../../../arm-none-eabi/lib/armv7-m\libc.a(lib_a-fvwrite.o)
                0x00084d38                __sfvwrite_r
 .text._fwalk   0x00085050       0x48 c:/program files (x86)/atmel/atmel toolchain/arm gcc/native/4.8.1437/arm-gnu-toolchain/bin/../lib/gcc/arm-none-eabi/4.8.4/../../../../arm-none-eabi/lib/armv7-m\libc.a(lib_a-fwalk.o)
                0x00085050                _fwalk
 .text.__locale_charset
                0x00085098        0x8 c:/program files (x86)/atmel/atmel toolchain/arm gcc/native/4.8.1437/arm-gnu-toolchain/bin/../lib/gcc/arm-none-eabi/4.8.4/../../../../arm-none-eabi/lib/armv7-m\libc.a(lib_a-locale.o)
                0x00085098                __locale_charset
 .text.__locale_mb_cur_max
                0x000850a0        0xc c:/program files (x86)/atmel/atmel toolchain/arm gcc/native/4.8.1437/arm-gnu-toolchain/bin/../lib/gcc/arm-none-eabi/4.8.4/../../../../arm-none-eabi/lib/armv7-m\libc.a(lib_a-locale.o)
                0x000850a0                __locale_mb_cur_max
 .text.__smakebuf_r
                0x000850ac       0xe0 c:/program files (x86)/atmel/atmel toolchain/arm gcc/native/4.8.1437/arm-gnu-toolchain/bin/../lib/gcc/arm-none-eabi/4.8.4/../../../../arm-none-eabi/lib/armv7-m\libc.a(lib_a-makebuf.o)
                0x000850ac                __smakebuf_r
 .text.malloc   0x0008518c       0x10 c:/program files (x86)/atmel/atmel toolchain/arm gcc/native/4.8.1437/arm-gnu-toolchain/bin/../lib/gcc/arm-none-eabi/4.8.4/../../../../arm-none-eabi/lib/armv7-m\libc.a(lib_a-malloc.o)
                0x0008518c                malloc
 .text._malloc_r
                0x0008519c      0x538 c:/program files (x86)/atmel/atmel toolchain/arm gcc/native/4.8.1437/arm-gnu-toolchain/bin/../lib/gcc/arm-none-eabi/4.8.4/../../../../arm-none-eabi/lib/armv7-m\libc.a(lib_a-mallocr.o)
                0x0008519c                _malloc_r
 .text.memchr   0x000856d4       0x94 c:/program files (x86)/atmel/atmel toolchain/arm gcc/native/4.8.1437/arm-gnu-toolchain/bin/../lib/gcc/arm-none-eabi/4.8.4/../../../../arm-none-eabi/lib/armv7-m\libc.a(lib_a-memchr-stub.o)
                0x000856d4                memchr
 .text.memmove  0x00085768       0xcc c:/program files (x86)/atmel/atmel toolchain/arm gcc/native/4.8.1437/arm-gnu-toolchain/bin/../lib/gcc/arm-none-eabi/4.8.4/../../../../arm-none-eabi/lib/armv7-m\libc.a(lib_a-memmove.o)
                0x00085768                memmove
 .text.__malloc_lock
                0x00085834        0x4 c:/program files (x86)/atmel/atmel toolchain/arm gcc/native/4.8.1437/arm-gnu-toolchain/bin/../lib/gcc/arm-none-eabi/4.8.4/../../../../arm-none-eabi/lib/armv7-m\libc.a(lib_a-mlock.o)
                0x00085834                __malloc_lock
 .text.__malloc_unlock
                0x00085838        0x4 c:/program files (x86)/atmel/atmel toolchain/arm gcc/native/4.8.1437/arm-gnu-toolchain/bin/../lib/gcc/arm-none-eabi/4.8.4/../../../../arm-none-eabi/lib/armv7-m\libc.a(lib_a-mlock.o)
                0x00085838                __malloc_unlock
 .text._realloc_r
                0x0008583c      0x3c0 c:/program files (x86)/atmel/atmel toolchain/arm gcc/native/4.8.1437/arm-gnu-toolchain/bin/../lib/gcc/arm-none-eabi/4.8.4/../../../../arm-none-eabi/lib/armv7-m\libc.a(lib_a-reallocr.o)
                0x0008583c                _realloc_r
 .text._sbrk_r  0x00085bfc       0x24 c:/program files (x86)/atmel/atmel toolchain/arm gcc/native/4.8.1437/arm-gnu-toolchain/bin/../lib/gcc/arm-none-eabi/4.8.4/../../../../arm-none-eabi/lib/armv7-m\libc.a(lib_a-sbrkr.o)
                0x00085bfc                _sbrk_r
 .text.__sread  0x00085c20       0x24 c:/program files (x86)/atmel/atmel toolchain/arm gcc/native/4.8.1437/arm-gnu-toolchain/bin/../lib/gcc/arm-none-eabi/4.8.4/../../../../arm-none-eabi/lib/armv7-m\libc.a(lib_a-stdio.o)
                0x00085c20                __sread
 .text.__swrite
                0x00085c44       0x38 c:/program files (x86)/atmel/atmel toolchain/arm gcc/native/4.8.1437/arm-gnu-toolchain/bin/../lib/gcc/arm-none-eabi/4.8.4/../../../../arm-none-eabi/lib/armv7-m\libc.a(lib_a-stdio.o)
                0x00085c44                __swrite
 .text.__sseek  0x00085c7c       0x20 c:/program files (x86)/atmel/atmel toolchain/arm gcc/native/4.8.1437/arm-gnu-toolchain/bin/../lib/gcc/arm-none-eabi/4.8.4/../../../../arm-none-eabi/lib/armv7-m\libc.a(lib_a-stdio.o)
                0x00085c7c                __sseek
 .text.__sclose
                0x00085c9c        0x8 c:/program files (x86)/atmel/atmel toolchain/arm gcc/native/4.8.1437/arm-gnu-toolchain/bin/../lib/gcc/arm-none-eabi/4.8.4/../../../../arm-none-eabi/lib/armv7-m\libc.a(lib_a-stdio.o)
                0x00085c9c                __sclose
 .text.__swbuf_r
                0x00085ca4       0xa8 c:/program files (x86)/atmel/atmel toolchain/arm gcc/native/4.8.1437/arm-gnu-toolchain/bin/../lib/gcc/arm-none-eabi/4.8.4/../../../../arm-none-eabi/lib/armv7-m\libc.a(lib_a-wbuf.o)
                0x00085ca4                __swbuf_r
 .text._wcrtomb_r
                0x00085d4c       0x50 c:/program files (x86)/atmel/atmel toolchain/arm gcc/native/4.8.1437/arm-gnu-toolchain/bin/../lib/gcc/arm-none-eabi/4.8.4/../../../../arm-none-eabi/lib/armv7-m\libc.a(lib_a-wcrtomb.o)
                0x00085d4c                _wcrtomb_r
 .text.__ascii_wctomb
                0x00085d9c       0x1c c:/program files (x86)/atmel/atmel toolchain/arm gcc/native/4.8.1437/arm-gnu-toolchain/bin/../lib/gcc/arm-none-eabi/4.8.4/../../../../arm-none-eabi/lib/armv7-m\libc.a(lib_a-wctomb_r.o)
                0x00085d9c                __ascii_wctomb
 .text._write_r
                0x00085db8       0x28 c:/program files (x86)/atmel/atmel toolchain/arm gcc/native/4.8.1437/arm-gnu-toolchain/bin/../lib/gcc/arm-none-eabi/4.8.4/../../../../arm-none-eabi/lib/armv7-m\libc.a(lib_a-writer.o)
                0x00085db8                _write_r
 .text.__register_exitproc
                0x00085de0       0xa8 c:/program files (x86)/atmel/atmel toolchain/arm gcc/native/4.8.1437/arm-gnu-toolchain/bin/../lib/gcc/arm-none-eabi/4.8.4/../../../../arm-none-eabi/lib/armv7-m\libc.a(lib_a-__atexit.o)
                0x00085de0                __register_exitproc
 .text._close_r
                0x00085e88       0x24 c:/program files (x86)/atmel/atmel toolchain/arm gcc/native/4.8.1437/arm-gnu-toolchain/bin/../lib/gcc/arm-none-eabi/4.8.4/../../../../arm-none-eabi/lib/armv7-m\libc.a(lib_a-closer.o)
                0x00085e88                _close_r
 .text._fclose_r
                0x00085eac       0x80 c:/program files (x86)/atmel/atmel toolchain/arm gcc/native/4.8.1437/arm-gnu-toolchain/bin/../lib/gcc/arm-none-eabi/4.8.4/../../../../arm-none-eabi/lib/armv7-m\libc.a(lib_a-fclose.o)
                0x00085eac                _fclose_r
 .text.fclose   0x00085f2c       0x10 c:/program files (x86)/atmel/atmel toolchain/arm gcc/native/4.8.1437/arm-gnu-toolchain/bin/../lib/gcc/arm-none-eabi/4.8.4/../../../../arm-none-eabi/lib/armv7-m\libc.a(lib_a-fclose.o)
                0x00085f2c                fclose
 .text._fstat_r
                0x00085f3c       0x28 c:/program files (x86)/atmel/atmel toolchain/arm gcc/native/4.8.1437/arm-gnu-toolchain/bin/../lib/gcc/arm-none-eabi/4.8.4/../../../../arm-none-eabi/lib/armv7-m\libc.a(lib_a-fstatr.o)
                0x00085f3c                _fstat_r
 .text._isatty_r
                0x00085f64       0x24 c:/program files (x86)/atmel/atmel toolchain/arm gcc/native/4.8.1437/arm-gnu-toolchain/bin/../lib/gcc/arm-none-eabi/4.8.4/../../../../arm-none-eabi/lib/armv7-m\libc.a(lib_a-isattyr.o)
                0x00085f64                _isatty_r
 .text._lseek_r
                0x00085f88       0x28 c:/program files (x86)/atmel/atmel toolchain/arm gcc/native/4.8.1437/arm-gnu-toolchain/bin/../lib/gcc/arm-none-eabi/4.8.4/../../../../arm-none-eabi/lib/armv7-m\libc.a(lib_a-lseekr.o)
                0x00085f88                _lseek_r
 .text._read_r  0x00085fb0       0x28 c:/program files (x86)/atmel/atmel toolchain/arm gcc/native/4.8.1437/arm-gnu-toolchain/bin/../lib/gcc/arm-none-eabi/4.8.4/../../../../arm-none-eabi/lib/armv7-m\libc.a(lib_a-readr.o)
                0x00085fb0                _read_r
 .text          0x00085fd8       0x2c c:/program files (x86)/atmel/atmel toolchain/arm gcc/native/4.8.1437/arm-gnu-toolchain/bin/../lib/gcc/arm-none-eabi/4.8.4/armv7-m\libgcc.a(_aeabi_uldivmod.o)
                0x00085fd8                __aeabi_uldivmod
 .text          0x00086004       0x60 c:/program files (x86)/atmel/atmel toolchain/arm gcc/native/4.8.1437/arm-gnu-toolchain/bin/../lib/gcc/arm-none-eabi/4.8.4/armv7-m\libgcc.a(bpabi.o)
                0x00086004                __gnu_ldivmod_helper
                0x00086034                __gnu_uldivmod_helper
 .text          0x00086064        0x4 c:/program files (x86)/atmel/atmel toolchain/arm gcc/native/4.8.1437/arm-gnu-toolchain/bin/../lib/gcc/arm-none-eabi/4.8.4/armv7-m\libgcc.a(_dvmd_tls.o)
                0x00086064                __aeabi_idiv0
                0x00086064                __aeabi_ldiv0
 .text          0x00086068      0x2a0 c:/program files (x86)/atmel/atmel toolchain/arm gcc/native/4.8.1437/arm-gnu-toolchain/bin/../lib/gcc/arm-none-eabi/4.8.4/armv7-m\libgcc.a(_divdi3.o)
                0x00086068                __divdi3
 .text          0x00086308      0x290 c:/program files (x86)/atmel/atmel toolchain/arm gcc/native/4.8.1437/arm-gnu-toolchain/bin/../lib/gcc/arm-none-eabi/4.8.4/armv7-m\libgcc.a(_udivdi3.o)
                0x00086308                __udivdi3
 *(.glue_7t)
 .glue_7t       0x00000000        0x0 linker stubs
 *(.glue_7)
 .glue_7        0x00000000        0x0 linker stubs
 *(.rodata .rodata* .gnu.linkonce.r.*)
 .rodata        0x00086598       0x2c src/ASF/sam/drivers/pwm/pwm.o
 .rodata.str1.4
                0x000865c4        0x5 src/TaskBluetooth.o
                                  0x8 (size before relaxing)
 *fill*         0x000865c9        0x3 
 .rodata.str1.4
                0x000865cc       0x1f src/ASF/thirdparty/freertos/freertos-7.3.0/source/tasks.o
                                 0x20 (size before relaxing)
 *fill*         0x000865eb        0x1 
 .rodata.str1.4
                0x000865ec        0x8 src/ASF/thirdparty/freertos/freertos-7.3.0/source/timers.o
 .rodata.str1.4
                0x000865f4       0x78 src/main.o
 .rodata.str1.4
                0x0008666c        0x2 c:/program files (x86)/atmel/atmel toolchain/arm gcc/native/4.8.1437/arm-gnu-toolchain/bin/../lib/gcc/arm-none-eabi/4.8.4/../../../../arm-none-eabi/lib/armv7-m\libc.a(lib_a-impure.o)
                                  0x4 (size before relaxing)
 *fill*         0x0008666e        0x2 
 .rodata._global_impure_ptr
                0x00086670        0x4 c:/program files (x86)/atmel/atmel toolchain/arm gcc/native/4.8.1437/arm-gnu-toolchain/bin/../lib/gcc/arm-none-eabi/4.8.4/../../../../arm-none-eabi/lib/armv7-m\libc.a(lib_a-impure.o)
                0x00086670                _global_impure_ptr
 .rodata.str1.4
                0x00086674       0x30 c:/program files (x86)/atmel/atmel toolchain/arm gcc/native/4.8.1437/arm-gnu-toolchain/bin/../lib/gcc/arm-none-eabi/4.8.4/../../../../arm-none-eabi/lib/armv7-m\libc.a(lib_a-vfiprintf.o)
 .rodata.zeroes.6721
                0x000866a4       0x10 c:/program files (x86)/atmel/atmel toolchain/arm gcc/native/4.8.1437/arm-gnu-toolchain/bin/../lib/gcc/arm-none-eabi/4.8.4/../../../../arm-none-eabi/lib/armv7-m\libc.a(lib_a-vfiprintf.o)
 .rodata.blanks.6720
                0x000866b4       0x10 c:/program files (x86)/atmel/atmel toolchain/arm gcc/native/4.8.1437/arm-gnu-toolchain/bin/../lib/gcc/arm-none-eabi/4.8.4/../../../../arm-none-eabi/lib/armv7-m\libc.a(lib_a-vfiprintf.o)
 *(.ARM.extab* .gnu.linkonce.armextab.*)
                0x000866c4                . = ALIGN (0x4)
 *(.init)
 .init          0x000866c4        0x4 c:/program files (x86)/atmel/atmel toolchain/arm gcc/native/4.8.1437/arm-gnu-toolchain/bin/../lib/gcc/arm-none-eabi/4.8.4/armv7-m/crti.o
                0x000866c4                _init
 .init          0x000866c8        0x8 c:/program files (x86)/atmel/atmel toolchain/arm gcc/native/4.8.1437/arm-gnu-toolchain/bin/../lib/gcc/arm-none-eabi/4.8.4/armv7-m/crtn.o
                0x000866d0                . = ALIGN (0x4)
                0x000866d0                __preinit_array_start = .
 *(.preinit_array)
                0x000866d0                __preinit_array_end = .
                0x000866d0                . = ALIGN (0x4)
                0x000866d0                __init_array_start = .
 *(SORT(.init_array.*))
 .init_array.00000
                0x000866d0        0x4 c:/program files (x86)/atmel/atmel toolchain/arm gcc/native/4.8.1437/arm-gnu-toolchain/bin/../lib/gcc/arm-none-eabi/4.8.4/../../../../arm-none-eabi/lib/armv7-m\libc.a(lib_a-__call_atexit.o)
 *(.init_array)
 .init_array    0x000866d4        0x4 c:/program files (x86)/atmel/atmel toolchain/arm gcc/native/4.8.1437/arm-gnu-toolchain/bin/../lib/gcc/arm-none-eabi/4.8.4/armv7-m/crtbegin.o
                0x000866d8                __init_array_end = .
                0x000866d8                . = ALIGN (0x4)
 *crtbegin.o(.ctors)
 *(EXCLUDE_FILE(*crtend.o) .ctors)
 *(SORT(.ctors.*))
 *crtend.o(.ctors)
                0x000866d8                . = ALIGN (0x4)
 *(.fini)
 .fini          0x000866d8        0x4 c:/program files (x86)/atmel/atmel toolchain/arm gcc/native/4.8.1437/arm-gnu-toolchain/bin/../lib/gcc/arm-none-eabi/4.8.4/armv7-m/crti.o
                0x000866d8                _fini
 .fini          0x000866dc        0x8 c:/program files (x86)/atmel/atmel toolchain/arm gcc/native/4.8.1437/arm-gnu-toolchain/bin/../lib/gcc/arm-none-eabi/4.8.4/armv7-m/crtn.o
                0x000866e4                . = ALIGN (0x4)
                0x000866e4                __fini_array_start = .
 *(.fini_array)
 .fini_array    0x000866e4        0x4 c:/program files (x86)/atmel/atmel toolchain/arm gcc/native/4.8.1437/arm-gnu-toolchain/bin/../lib/gcc/arm-none-eabi/4.8.4/armv7-m/crtbegin.o
 *(SORT(.fini_array.*))
                0x000866e8                __fini_array_end = .
 *crtbegin.o(.dtors)
 *(EXCLUDE_FILE(*crtend.o) .dtors)
 *(SORT(.dtors.*))
 *crtend.o(.dtors)
                0x000866e8                . = ALIGN (0x4)
                0x000866e8                _efixed = .
                0x000866e8                PROVIDE (__exidx_start, .)

.vfp11_veneer   0x000866e8        0x0
 .vfp11_veneer  0x00000000        0x0 linker stubs

.v4_bx          0x000866e8        0x0
 .v4_bx         0x00000000        0x0 linker stubs

.iplt           0x000866e8        0x0
 .iplt          0x00000000        0x0 c:/program files (x86)/atmel/atmel toolchain/arm gcc/native/4.8.1437/arm-gnu-toolchain/bin/../lib/gcc/arm-none-eabi/4.8.4/armv7-m/crtbegin.o

.ARM.exidx      0x000866e8        0x8
 *(.ARM.exidx* .gnu.linkonce.armexidx.*)
 .ARM.exidx     0x000866e8        0x8 c:/program files (x86)/atmel/atmel toolchain/arm gcc/native/4.8.1437/arm-gnu-toolchain/bin/../lib/gcc/arm-none-eabi/4.8.4/armv7-m\libgcc.a(_divdi3.o)
 .ARM.exidx     0x000866f0        0x0 c:/program files (x86)/atmel/atmel toolchain/arm gcc/native/4.8.1437/arm-gnu-toolchain/bin/../lib/gcc/arm-none-eabi/4.8.4/armv7-m\libgcc.a(_udivdi3.o)
                                  0x8 (size before relaxing)
                0x000866f0                PROVIDE (__exidx_end, .)

.eh_frame       0x000866f0        0x0
 .eh_frame      0x000866f0        0x0 c:/program files (x86)/atmel/atmel toolchain/arm gcc/native/4.8.1437/arm-gnu-toolchain/bin/../lib/gcc/arm-none-eabi/4.8.4/armv7-m/crtbegin.o

.rel.dyn        0x000866f0        0x0
 .rel.iplt      0x00000000        0x0 c:/program files (x86)/atmel/atmel toolchain/arm gcc/native/4.8.1437/arm-gnu-toolchain/bin/../lib/gcc/arm-none-eabi/4.8.4/armv7-m/crtbegin.o

.jcr            0x000866f0        0x0
 .jcr           0x000866f0        0x0 c:/program files (x86)/atmel/atmel toolchain/arm gcc/native/4.8.1437/arm-gnu-toolchain/bin/../lib/gcc/arm-none-eabi/4.8.4/armv7-m/crtbegin.o

.igot.plt       0x000866f0        0x0
 .igot.plt      0x00000000        0x0 c:/program files (x86)/atmel/atmel toolchain/arm gcc/native/4.8.1437/arm-gnu-toolchain/bin/../lib/gcc/arm-none-eabi/4.8.4/armv7-m/crtbegin.o
                0x000866f0                . = ALIGN (0x4)
                0x000866f0                _etext = .

.relocate       0x20070000      0x874 load address 0x000866f0
                0x20070000                . = ALIGN (0x4)
                0x20070000                _srelocate = .
 *(.ramfunc .ramfunc.*)
 *(.data .data.*)
 .data.uxCriticalNesting
                0x20070000        0x4 src/ASF/thirdparty/freertos/freertos-7.3.0/source/portable/gcc/sam/port.o
 .data.xFreeBytesRemaining
                0x20070004        0x4 src/ASF/thirdparty/freertos/freertos-7.3.0/source/portable/memmang/heap_4.o
 .data.xNextTaskUnblockTime
                0x20070008        0x4 src/ASF/thirdparty/freertos/freertos-7.3.0/source/tasks.o
 .data.SystemCoreClock
                0x2007000c        0x4 src/ASF/sam/utils/cmsis/sam3x/source/templates/system_sam3x.o
                0x2007000c                SystemCoreClock
 .data.impure_data
                0x20070010      0x428 c:/program files (x86)/atmel/atmel toolchain/arm gcc/native/4.8.1437/arm-gnu-toolchain/bin/../lib/gcc/arm-none-eabi/4.8.4/../../../../arm-none-eabi/lib/armv7-m\libc.a(lib_a-impure.o)
 .data._impure_ptr
                0x20070438        0x4 c:/program files (x86)/atmel/atmel toolchain/arm gcc/native/4.8.1437/arm-gnu-toolchain/bin/../lib/gcc/arm-none-eabi/4.8.4/../../../../arm-none-eabi/lib/armv7-m\libc.a(lib_a-impure.o)
                0x20070438                _impure_ptr
 .data.lc_ctype_charset
                0x2007043c       0x20 c:/program files (x86)/atmel/atmel toolchain/arm gcc/native/4.8.1437/arm-gnu-toolchain/bin/../lib/gcc/arm-none-eabi/4.8.4/../../../../arm-none-eabi/lib/armv7-m\libc.a(lib_a-locale.o)
 .data.__mb_cur_max
                0x2007045c        0x4 c:/program files (x86)/atmel/atmel toolchain/arm gcc/native/4.8.1437/arm-gnu-toolchain/bin/../lib/gcc/arm-none-eabi/4.8.4/../../../../arm-none-eabi/lib/armv7-m\libc.a(lib_a-locale.o)
                0x2007045c                __mb_cur_max
 .data.__malloc_av_
                0x20070460      0x408 c:/program files (x86)/atmel/atmel toolchain/arm gcc/native/4.8.1437/arm-gnu-toolchain/bin/../lib/gcc/arm-none-eabi/4.8.4/../../../../arm-none-eabi/lib/armv7-m\libc.a(lib_a-mallocr.o)
                0x20070460                __malloc_av_
 .data.__malloc_trim_threshold
                0x20070868        0x4 c:/program files (x86)/atmel/atmel toolchain/arm gcc/native/4.8.1437/arm-gnu-toolchain/bin/../lib/gcc/arm-none-eabi/4.8.4/../../../../arm-none-eabi/lib/armv7-m\libc.a(lib_a-mallocr.o)
                0x20070868                __malloc_trim_threshold
 .data.__malloc_sbrk_base
                0x2007086c        0x4 c:/program files (x86)/atmel/atmel toolchain/arm gcc/native/4.8.1437/arm-gnu-toolchain/bin/../lib/gcc/arm-none-eabi/4.8.4/../../../../arm-none-eabi/lib/armv7-m\libc.a(lib_a-mallocr.o)
                0x2007086c                __malloc_sbrk_base
 .data.__wctomb
                0x20070870        0x4 c:/program files (x86)/atmel/atmel toolchain/arm gcc/native/4.8.1437/arm-gnu-toolchain/bin/../lib/gcc/arm-none-eabi/4.8.4/../../../../arm-none-eabi/lib/armv7-m\libc.a(lib_a-wctomb_r.o)
                0x20070870                __wctomb
                0x20070874                . = ALIGN (0x4)
                0x20070874                _erelocate = .

.bss            0x20070878     0xa33c load address 0x00086f68
                0x20070878                . = ALIGN (0x4)
                0x20070878                _sbss = .
                0x20070878                _szero = .
 *(.bss .bss.*)
 .bss           0x20070878       0x1c c:/program files (x86)/atmel/atmel toolchain/arm gcc/native/4.8.1437/arm-gnu-toolchain/bin/../lib/gcc/arm-none-eabi/4.8.4/armv7-m/crtbegin.o
 .bss.e_prev    0x20070894        0x4 src/TaskPWM.o
                0x20070894                e_prev
 .bss.u         0x20070898        0x4 src/TaskPWM.o
                0x20070898                u
 .bss.e_diff    0x2007089c        0x4 src/TaskPWM.o
                0x2007089c                e_diff
 .bss.y         0x200708a0        0x4 src/TaskPWM.o
                0x200708a0                y
 .bss.e_now     0x200708a4        0x4 src/TaskPWM.o
                0x200708a4                e_now
 .bss.totalFL   0x200708a8        0x4 src/TaskAD.o
                0x200708a8                totalFL
 .bss.totalFR   0x200708ac        0x4 src/TaskAD.o
                0x200708ac                totalFR
 .bss.count     0x200708b0        0x4 src/TaskAD.o
                0x200708b0                count
 .bss.totalBL   0x200708b4        0x4 src/TaskAD.o
                0x200708b4                totalBL
 .bss.totalBR   0x200708b8        0x4 src/TaskAD.o
                0x200708b8                totalBR
 *fill*         0x200708bc        0x4 
 .bss.xHeap     0x200708c0     0xa000 src/ASF/thirdparty/freertos/freertos-7.3.0/source/portable/memmang/heap_4.o
 .bss.pxEnd     0x2007a8c0        0x4 src/ASF/thirdparty/freertos/freertos-7.3.0/source/portable/memmang/heap_4.o
 .bss.xStart    0x2007a8c4        0x8 src/ASF/thirdparty/freertos/freertos-7.3.0/source/portable/memmang/heap_4.o
 .bss.uxMissedTicks
                0x2007a8cc        0x4 src/ASF/thirdparty/freertos/freertos-7.3.0/source/tasks.o
 .bss.xSuspendedTaskList
                0x2007a8d0       0x14 src/ASF/thirdparty/freertos/freertos-7.3.0/source/tasks.o
 .bss.pxDelayedTaskList
                0x2007a8e4        0x4 src/ASF/thirdparty/freertos/freertos-7.3.0/source/tasks.o
 .bss.xSchedulerRunning
                0x2007a8e8        0x4 src/ASF/thirdparty/freertos/freertos-7.3.0/source/tasks.o
 .bss.uxTasksDeleted
                0x2007a8ec        0x4 src/ASF/thirdparty/freertos/freertos-7.3.0/source/tasks.o
 .bss.xTasksWaitingTermination
                0x2007a8f0       0x14 src/ASF/thirdparty/freertos/freertos-7.3.0/source/tasks.o
 .bss.xDelayedTaskList2
                0x2007a904       0x14 src/ASF/thirdparty/freertos/freertos-7.3.0/source/tasks.o
 .bss.uxTopReadyPriority
                0x2007a918        0x4 src/ASF/thirdparty/freertos/freertos-7.3.0/source/tasks.o
 .bss.pxReadyTasksLists
                0x2007a91c       0x64 src/ASF/thirdparty/freertos/freertos-7.3.0/source/tasks.o
 .bss.uxSchedulerSuspended
                0x2007a980        0x4 src/ASF/thirdparty/freertos/freertos-7.3.0/source/tasks.o
 .bss.pxCurrentTCB
                0x2007a984        0x4 src/ASF/thirdparty/freertos/freertos-7.3.0/source/tasks.o
                0x2007a984                pxCurrentTCB
 .bss.xPendingReadyList
                0x2007a988       0x14 src/ASF/thirdparty/freertos/freertos-7.3.0/source/tasks.o
 .bss.xNumOfOverflows
                0x2007a99c        0x4 src/ASF/thirdparty/freertos/freertos-7.3.0/source/tasks.o
 .bss.xTickCount
                0x2007a9a0        0x4 src/ASF/thirdparty/freertos/freertos-7.3.0/source/tasks.o
 .bss.pxOverflowDelayedTaskList
                0x2007a9a4        0x4 src/ASF/thirdparty/freertos/freertos-7.3.0/source/tasks.o
 .bss.uxTaskNumber
                0x2007a9a8        0x4 src/ASF/thirdparty/freertos/freertos-7.3.0/source/tasks.o
 .bss.xDelayedTaskList1
                0x2007a9ac       0x14 src/ASF/thirdparty/freertos/freertos-7.3.0/source/tasks.o
 .bss.xMissedYield
                0x2007a9c0        0x4 src/ASF/thirdparty/freertos/freertos-7.3.0/source/tasks.o
 .bss.uxCurrentNumberOfTasks
                0x2007a9c4        0x4 src/ASF/thirdparty/freertos/freertos-7.3.0/source/tasks.o
 .bss.uxTopUsedPriority
                0x2007a9c8        0x4 src/ASF/thirdparty/freertos/freertos-7.3.0/source/tasks.o
 .bss.pxCurrentTimerList
                0x2007a9cc        0x4 src/ASF/thirdparty/freertos/freertos-7.3.0/source/timers.o
 .bss.xActiveTimerList1
                0x2007a9d0       0x14 src/ASF/thirdparty/freertos/freertos-7.3.0/source/timers.o
 .bss.xActiveTimerList2
                0x2007a9e4       0x14 src/ASF/thirdparty/freertos/freertos-7.3.0/source/timers.o
 .bss.xLastTime.4487
                0x2007a9f8        0x4 src/ASF/thirdparty/freertos/freertos-7.3.0/source/timers.o
 .bss.xTimerQueue
                0x2007a9fc        0x4 src/ASF/thirdparty/freertos/freertos-7.3.0/source/timers.o
 .bss.pxOverflowTimerList
                0x2007aa00        0x4 src/ASF/thirdparty/freertos/freertos-7.3.0/source/timers.o
 .bss.gs_interrupt_sources
                0x2007aa04       0x70 src/ASF/sam/drivers/pio/pio_handler.o
 .bss.heap.5098
                0x2007aa74        0x4 src/ASF/sam/utils/syscalls/gcc/syscalls.o
 .bss.__malloc_max_total_mem
                0x2007aa78        0x4 c:/program files (x86)/atmel/atmel toolchain/arm gcc/native/4.8.1437/arm-gnu-toolchain/bin/../lib/gcc/arm-none-eabi/4.8.4/../../../../arm-none-eabi/lib/armv7-m\libc.a(lib_a-mallocr.o)
                0x2007aa78                __malloc_max_total_mem
 .bss.__malloc_max_sbrked_mem
                0x2007aa7c        0x4 c:/program files (x86)/atmel/atmel toolchain/arm gcc/native/4.8.1437/arm-gnu-toolchain/bin/../lib/gcc/arm-none-eabi/4.8.4/../../../../arm-none-eabi/lib/armv7-m\libc.a(lib_a-mallocr.o)
                0x2007aa7c                __malloc_max_sbrked_mem
 .bss.__malloc_top_pad
                0x2007aa80        0x4 c:/program files (x86)/atmel/atmel toolchain/arm gcc/native/4.8.1437/arm-gnu-toolchain/bin/../lib/gcc/arm-none-eabi/4.8.4/../../../../arm-none-eabi/lib/armv7-m\libc.a(lib_a-mallocr.o)
                0x2007aa80                __malloc_top_pad
 .bss.__malloc_current_mallinfo
                0x2007aa84       0x28 c:/program files (x86)/atmel/atmel toolchain/arm gcc/native/4.8.1437/arm-gnu-toolchain/bin/../lib/gcc/arm-none-eabi/4.8.4/../../../../arm-none-eabi/lib/armv7-m\libc.a(lib_a-mallocr.o)
                0x2007aa84                __malloc_current_mallinfo
 *(COMMON)
 COMMON         0x2007aaac        0x4 src/ASF/common/utils/stdio/read.o
                0x2007aaac                ptr_get
 COMMON         0x2007aab0        0x8 src/ASF/common/utils/stdio/write.o
                0x2007aab0                ptr_put
                0x2007aab4                stdio_base
 COMMON         0x2007aab8       0xf8 src/main.o
                0x2007aab8                pwm_fl_channel_instance
                0x2007aae0                pwm_d_channel_instance
                0x2007ab08                pwm_bl_channel_instance
                0x2007ab30                pwm_h_channel_instance
                0x2007ab58                pwm_fr_channel_instance
                0x2007ab80                pwm_br_channel_instance
                0x2007aba8                sensor_diff_f
                0x2007abac                sensor_diff_b
 COMMON         0x2007abb0        0x4 c:/program files (x86)/atmel/atmel toolchain/arm gcc/native/4.8.1437/arm-gnu-toolchain/bin/../lib/gcc/arm-none-eabi/4.8.4/../../../../arm-none-eabi/lib/armv7-m\libc.a(lib_a-reent.o)
                0x2007abb0                errno
                0x2007abb4                . = ALIGN (0x4)
                0x2007abb4                _ebss = .
                0x2007abb4                _ezero = .

.stack          0x2007abb4     0x2004 load address 0x000912a4
                0x2007abb8                . = ALIGN (0x8)
 *fill*         0x2007abb4        0x4 
                0x2007abb8                _sstack = .
                0x2007cbb8                . = (. + __stack_size__)
 *fill*         0x2007abb8     0x2000 
                0x2007cbb8                . = ALIGN (0x8)
                0x2007cbb8                _estack = .
                0x2007cbb8                . = ALIGN (0x4)
                0x2007cbb8                _end = .
OUTPUT(P2.elf elf32-littlearm)

.ARM.attributes
                0x00000000       0x29
 .ARM.attributes
                0x00000000       0x1d c:/program files (x86)/atmel/atmel toolchain/arm gcc/native/4.8.1437/arm-gnu-toolchain/bin/../lib/gcc/arm-none-eabi/4.8.4/armv7-m/crti.o
 .ARM.attributes
                0x0000001d       0x2d c:/program files (x86)/atmel/atmel toolchain/arm gcc/native/4.8.1437/arm-gnu-toolchain/bin/../lib/gcc/arm-none-eabi/4.8.4/armv7-m/crtbegin.o
 .ARM.attributes
                0x0000004a       0x33 src/AD.o
 .ARM.attributes
                0x0000007d       0x33 src/ASF/common/utils/stdio/read.o
 .ARM.attributes
                0x000000b0       0x33 src/ASF/sam/drivers/adc/adc.o
 .ARM.attributes
                0x000000e3       0x33 src/ASF/sam/drivers/pwm/pwm.o
 .ARM.attributes
                0x00000116       0x33 src/pwmFunctions.o
 .ARM.attributes
                0x00000149       0x33 src/TaskPWM.o
 .ARM.attributes
                0x0000017c       0x33 src/TaskAD.o
 .ARM.attributes
                0x000001af       0x33 src/TaskBluetooth.o
 .ARM.attributes
                0x000001e2       0x33 src/ASF/thirdparty/freertos/freertos-7.3.0/source/list.o
 .ARM.attributes
                0x00000215       0x33 src/ASF/thirdparty/freertos/freertos-7.3.0/source/portable/gcc/sam/port.o
 .ARM.attributes
                0x00000248       0x33 src/ASF/thirdparty/freertos/freertos-7.3.0/source/portable/memmang/heap_4.o
 .ARM.attributes
                0x0000027b       0x33 src/ASF/thirdparty/freertos/freertos-7.3.0/source/queue.o
 .ARM.attributes
                0x000002ae       0x33 src/ASF/thirdparty/freertos/freertos-7.3.0/source/tasks.o
 .ARM.attributes
                0x000002e1       0x33 src/ASF/thirdparty/freertos/freertos-7.3.0/source/timers.o
 .ARM.attributes
                0x00000314       0x33 src/ASF/common/utils/stdio/write.o
 .ARM.attributes
                0x00000347       0x33 src/ASF/sam/drivers/uart/uart.o
 .ARM.attributes
                0x0000037a       0x33 src/ASF/sam/drivers/usart/usart.o
 .ARM.attributes
                0x000003ad       0x33 src/ASF/common/services/clock/sam3x/sysclk.o
 .ARM.attributes
                0x000003e0       0x33 src/ASF/sam/boards/arduino_due_x/init.o
 .ARM.attributes
                0x00000413       0x33 src/ASF/sam/drivers/pio/pio.o
 .ARM.attributes
                0x00000446       0x33 src/ASF/sam/drivers/pio/pio_handler.o
 .ARM.attributes
                0x00000479       0x33 src/ASF/sam/drivers/pmc/pmc.o
 .ARM.attributes
                0x000004ac       0x33 src/ASF/sam/utils/cmsis/sam3x/source/templates/exceptions.o
 .ARM.attributes
                0x000004df       0x33 src/ASF/sam/utils/cmsis/sam3x/source/templates/gcc/startup_sam3x.o
 .ARM.attributes
                0x00000512       0x33 src/ASF/sam/utils/cmsis/sam3x/source/templates/system_sam3x.o
 .ARM.attributes
                0x00000545       0x33 src/ASF/sam/utils/syscalls/gcc/syscalls.o
 .ARM.attributes
                0x00000578       0x33 src/main.o
 .ARM.attributes
                0x000005ab       0x1d c:/program files (x86)/atmel/atmel toolchain/arm gcc/native/4.8.1437/arm-gnu-toolchain/bin/../lib/gcc/arm-none-eabi/4.8.4/armv7-m\libgcc.a(_arm_addsubdf3.o)
 .ARM.attributes
                0x000005c8       0x1d c:/program files (x86)/atmel/atmel toolchain/arm gcc/native/4.8.1437/arm-gnu-toolchain/bin/../lib/gcc/arm-none-eabi/4.8.4/armv7-m\libgcc.a(_arm_muldivdf3.o)
 .ARM.attributes
                0x000005e5       0x1d c:/program files (x86)/atmel/atmel toolchain/arm gcc/native/4.8.1437/arm-gnu-toolchain/bin/../lib/gcc/arm-none-eabi/4.8.4/armv7-m\libgcc.a(_arm_fixdfsi.o)
 .ARM.attributes
                0x00000602       0x1d c:/program files (x86)/atmel/atmel toolchain/arm gcc/native/4.8.1437/arm-gnu-toolchain/bin/../lib/gcc/arm-none-eabi/4.8.4/armv7-m\libgcc.a(_arm_fixunsdfsi.o)
 .ARM.attributes
                0x0000061f       0x2d c:/program files (x86)/atmel/atmel toolchain/arm gcc/native/4.8.1437/arm-gnu-toolchain/bin/../lib/gcc/arm-none-eabi/4.8.4/../../../../arm-none-eabi/lib/armv7-m\libc.a(lib_a-impure.o)
 .ARM.attributes
                0x0000064c       0x2d c:/program files (x86)/atmel/atmel toolchain/arm gcc/native/4.8.1437/arm-gnu-toolchain/bin/../lib/gcc/arm-none-eabi/4.8.4/../../../../arm-none-eabi/lib/armv7-m\libc.a(lib_a-init.o)
 .ARM.attributes
                0x00000679       0x2d c:/program files (x86)/atmel/atmel toolchain/arm gcc/native/4.8.1437/arm-gnu-toolchain/bin/../lib/gcc/arm-none-eabi/4.8.4/../../../../arm-none-eabi/lib/armv7-m\libc.a(lib_a-iprintf.o)
 .ARM.attributes
                0x000006a6       0x1b c:/program files (x86)/atmel/atmel toolchain/arm gcc/native/4.8.1437/arm-gnu-toolchain/bin/../lib/gcc/arm-none-eabi/4.8.4/../../../../arm-none-eabi/lib/armv7-m\libc.a(lib_a-memcpy.o)
 .ARM.attributes
                0x000006c1       0x2d c:/program files (x86)/atmel/atmel toolchain/arm gcc/native/4.8.1437/arm-gnu-toolchain/bin/../lib/gcc/arm-none-eabi/4.8.4/../../../../arm-none-eabi/lib/armv7-m\libc.a(lib_a-memset.o)
 .ARM.attributes
                0x000006ee       0x2d c:/program files (x86)/atmel/atmel toolchain/arm gcc/native/4.8.1437/arm-gnu-toolchain/bin/../lib/gcc/arm-none-eabi/4.8.4/../../../../arm-none-eabi/lib/armv7-m\libc.a(lib_a-setbuf.o)
 .ARM.attributes
                0x0000071b       0x2d c:/program files (x86)/atmel/atmel toolchain/arm gcc/native/4.8.1437/arm-gnu-toolchain/bin/../lib/gcc/arm-none-eabi/4.8.4/../../../../arm-none-eabi/lib/armv7-m\libc.a(lib_a-setvbuf.o)
 .ARM.attributes
                0x00000748       0x2d c:/program files (x86)/atmel/atmel toolchain/arm gcc/native/4.8.1437/arm-gnu-toolchain/bin/../lib/gcc/arm-none-eabi/4.8.4/../../../../arm-none-eabi/lib/armv7-m\libc.a(lib_a-strlen.o)
 .ARM.attributes
                0x00000775       0x2d c:/program files (x86)/atmel/atmel toolchain/arm gcc/native/4.8.1437/arm-gnu-toolchain/bin/../lib/gcc/arm-none-eabi/4.8.4/../../../../arm-none-eabi/lib/armv7-m\libc.a(lib_a-strncpy.o)
 .ARM.attributes
                0x000007a2       0x2d c:/program files (x86)/atmel/atmel toolchain/arm gcc/native/4.8.1437/arm-gnu-toolchain/bin/../lib/gcc/arm-none-eabi/4.8.4/../../../../arm-none-eabi/lib/armv7-m\libc.a(lib_a-vfiprintf.o)
 .ARM.attributes
                0x000007cf       0x2d c:/program files (x86)/atmel/atmel toolchain/arm gcc/native/4.8.1437/arm-gnu-toolchain/bin/../lib/gcc/arm-none-eabi/4.8.4/../../../../arm-none-eabi/lib/armv7-m\libc.a(lib_a-wsetup.o)
 .ARM.attributes
                0x000007fc       0x2d c:/program files (x86)/atmel/atmel toolchain/arm gcc/native/4.8.1437/arm-gnu-toolchain/bin/../lib/gcc/arm-none-eabi/4.8.4/../../../../arm-none-eabi/lib/armv7-m\libc.a(lib_a-__call_atexit.o)
 .ARM.attributes
                0x00000829       0x2d c:/program files (x86)/atmel/atmel toolchain/arm gcc/native/4.8.1437/arm-gnu-toolchain/bin/../lib/gcc/arm-none-eabi/4.8.4/../../../../arm-none-eabi/lib/armv7-m\libc.a(lib_a-atexit.o)
 .ARM.attributes
                0x00000856       0x2d c:/program files (x86)/atmel/atmel toolchain/arm gcc/native/4.8.1437/arm-gnu-toolchain/bin/../lib/gcc/arm-none-eabi/4.8.4/../../../../arm-none-eabi/lib/armv7-m\libc.a(lib_a-fflush.o)
 .ARM.attributes
                0x00000883       0x2d c:/program files (x86)/atmel/atmel toolchain/arm gcc/native/4.8.1437/arm-gnu-toolchain/bin/../lib/gcc/arm-none-eabi/4.8.4/../../../../arm-none-eabi/lib/armv7-m\libc.a(lib_a-findfp.o)
 .ARM.attributes
                0x000008b0       0x2d c:/program files (x86)/atmel/atmel toolchain/arm gcc/native/4.8.1437/arm-gnu-toolchain/bin/../lib/gcc/arm-none-eabi/4.8.4/../../../../arm-none-eabi/lib/armv7-m\libc.a(lib_a-fini.o)
 .ARM.attributes
                0x000008dd       0x2d c:/program files (x86)/atmel/atmel toolchain/arm gcc/native/4.8.1437/arm-gnu-toolchain/bin/../lib/gcc/arm-none-eabi/4.8.4/../../../../arm-none-eabi/lib/armv7-m\libc.a(lib_a-fputwc.o)
 .ARM.attributes
                0x0000090a       0x2d c:/program files (x86)/atmel/atmel toolchain/arm gcc/native/4.8.1437/arm-gnu-toolchain/bin/../lib/gcc/arm-none-eabi/4.8.4/../../../../arm-none-eabi/lib/armv7-m\libc.a(lib_a-freer.o)
 .ARM.attributes
                0x00000937       0x2d c:/program files (x86)/atmel/atmel toolchain/arm gcc/native/4.8.1437/arm-gnu-toolchain/bin/../lib/gcc/arm-none-eabi/4.8.4/../../../../arm-none-eabi/lib/armv7-m\libc.a(lib_a-fvwrite.o)
 .ARM.attributes
                0x00000964       0x2d c:/program files (x86)/atmel/atmel toolchain/arm gcc/native/4.8.1437/arm-gnu-toolchain/bin/../lib/gcc/arm-none-eabi/4.8.4/../../../../arm-none-eabi/lib/armv7-m\libc.a(lib_a-fwalk.o)
 .ARM.attributes
                0x00000991       0x2d c:/program files (x86)/atmel/atmel toolchain/arm gcc/native/4.8.1437/arm-gnu-toolchain/bin/../lib/gcc/arm-none-eabi/4.8.4/../../../../arm-none-eabi/lib/armv7-m\libc.a(lib_a-locale.o)
 .ARM.attributes
                0x000009be       0x2d c:/program files (x86)/atmel/atmel toolchain/arm gcc/native/4.8.1437/arm-gnu-toolchain/bin/../lib/gcc/arm-none-eabi/4.8.4/../../../../arm-none-eabi/lib/armv7-m\libc.a(lib_a-makebuf.o)
 .ARM.attributes
                0x000009eb       0x2d c:/program files (x86)/atmel/atmel toolchain/arm gcc/native/4.8.1437/arm-gnu-toolchain/bin/../lib/gcc/arm-none-eabi/4.8.4/../../../../arm-none-eabi/lib/armv7-m\libc.a(lib_a-malloc.o)
 .ARM.attributes
                0x00000a18       0x2d c:/program files (x86)/atmel/atmel toolchain/arm gcc/native/4.8.1437/arm-gnu-toolchain/bin/../lib/gcc/arm-none-eabi/4.8.4/../../../../arm-none-eabi/lib/armv7-m\libc.a(lib_a-mallocr.o)
 .ARM.attributes
                0x00000a45       0x2d c:/program files (x86)/atmel/atmel toolchain/arm gcc/native/4.8.1437/arm-gnu-toolchain/bin/../lib/gcc/arm-none-eabi/4.8.4/../../../../arm-none-eabi/lib/armv7-m\libc.a(lib_a-memchr-stub.o)
 .ARM.attributes
                0x00000a72       0x2d c:/program files (x86)/atmel/atmel toolchain/arm gcc/native/4.8.1437/arm-gnu-toolchain/bin/../lib/gcc/arm-none-eabi/4.8.4/../../../../arm-none-eabi/lib/armv7-m\libc.a(lib_a-memmove.o)
 .ARM.attributes
                0x00000a9f       0x2d c:/program files (x86)/atmel/atmel toolchain/arm gcc/native/4.8.1437/arm-gnu-toolchain/bin/../lib/gcc/arm-none-eabi/4.8.4/../../../../arm-none-eabi/lib/armv7-m\libc.a(lib_a-mlock.o)
 .ARM.attributes
                0x00000acc       0x2d c:/program files (x86)/atmel/atmel toolchain/arm gcc/native/4.8.1437/arm-gnu-toolchain/bin/../lib/gcc/arm-none-eabi/4.8.4/../../../../arm-none-eabi/lib/armv7-m\libc.a(lib_a-reallocr.o)
 .ARM.attributes
                0x00000af9       0x2d c:/program files (x86)/atmel/atmel toolchain/arm gcc/native/4.8.1437/arm-gnu-toolchain/bin/../lib/gcc/arm-none-eabi/4.8.4/../../../../arm-none-eabi/lib/armv7-m\libc.a(lib_a-sbrkr.o)
 .ARM.attributes
                0x00000b26       0x2d c:/program files (x86)/atmel/atmel toolchain/arm gcc/native/4.8.1437/arm-gnu-toolchain/bin/../lib/gcc/arm-none-eabi/4.8.4/../../../../arm-none-eabi/lib/armv7-m\libc.a(lib_a-stdio.o)
 .ARM.attributes
                0x00000b53       0x2d c:/program files (x86)/atmel/atmel toolchain/arm gcc/native/4.8.1437/arm-gnu-toolchain/bin/../lib/gcc/arm-none-eabi/4.8.4/../../../../arm-none-eabi/lib/armv7-m\libc.a(lib_a-wbuf.o)
 .ARM.attributes
                0x00000b80       0x2d c:/program files (x86)/atmel/atmel toolchain/arm gcc/native/4.8.1437/arm-gnu-toolchain/bin/../lib/gcc/arm-none-eabi/4.8.4/../../../../arm-none-eabi/lib/armv7-m\libc.a(lib_a-wcrtomb.o)
 .ARM.attributes
                0x00000bad       0x2d c:/program files (x86)/atmel/atmel toolchain/arm gcc/native/4.8.1437/arm-gnu-toolchain/bin/../lib/gcc/arm-none-eabi/4.8.4/../../../../arm-none-eabi/lib/armv7-m\libc.a(lib_a-wctomb_r.o)
 .ARM.attributes
                0x00000bda       0x2d c:/program files (x86)/atmel/atmel toolchain/arm gcc/native/4.8.1437/arm-gnu-toolchain/bin/../lib/gcc/arm-none-eabi/4.8.4/../../../../arm-none-eabi/lib/armv7-m\libc.a(lib_a-writer.o)
 .ARM.attributes
                0x00000c07       0x2d c:/program files (x86)/atmel/atmel toolchain/arm gcc/native/4.8.1437/arm-gnu-toolchain/bin/../lib/gcc/arm-none-eabi/4.8.4/../../../../arm-none-eabi/lib/armv7-m\libc.a(lib_a-__atexit.o)
 .ARM.attributes
                0x00000c34       0x2d c:/program files (x86)/atmel/atmel toolchain/arm gcc/native/4.8.1437/arm-gnu-toolchain/bin/../lib/gcc/arm-none-eabi/4.8.4/../../../../arm-none-eabi/lib/armv7-m\libc.a(lib_a-closer.o)
 .ARM.attributes
                0x00000c61       0x2d c:/program files (x86)/atmel/atmel toolchain/arm gcc/native/4.8.1437/arm-gnu-toolchain/bin/../lib/gcc/arm-none-eabi/4.8.4/../../../../arm-none-eabi/lib/armv7-m\libc.a(lib_a-fclose.o)
 .ARM.attributes
                0x00000c8e       0x2d c:/program files (x86)/atmel/atmel toolchain/arm gcc/native/4.8.1437/arm-gnu-toolchain/bin/../lib/gcc/arm-none-eabi/4.8.4/../../../../arm-none-eabi/lib/armv7-m\libc.a(lib_a-fstatr.o)
 .ARM.attributes
                0x00000cbb       0x2d c:/program files (x86)/atmel/atmel toolchain/arm gcc/native/4.8.1437/arm-gnu-toolchain/bin/../lib/gcc/arm-none-eabi/4.8.4/../../../../arm-none-eabi/lib/armv7-m\libc.a(lib_a-isattyr.o)
 .ARM.attributes
                0x00000ce8       0x2d c:/program files (x86)/atmel/atmel toolchain/arm gcc/native/4.8.1437/arm-gnu-toolchain/bin/../lib/gcc/arm-none-eabi/4.8.4/../../../../arm-none-eabi/lib/armv7-m\libc.a(lib_a-lseekr.o)
 .ARM.attributes
                0x00000d15       0x2d c:/program files (x86)/atmel/atmel toolchain/arm gcc/native/4.8.1437/arm-gnu-toolchain/bin/../lib/gcc/arm-none-eabi/4.8.4/../../../../arm-none-eabi/lib/armv7-m\libc.a(lib_a-readr.o)
 .ARM.attributes
                0x00000d42       0x2d c:/program files (x86)/atmel/atmel toolchain/arm gcc/native/4.8.1437/arm-gnu-toolchain/bin/../lib/gcc/arm-none-eabi/4.8.4/../../../../arm-none-eabi/lib/armv7-m\libc.a(lib_a-reent.o)
 .ARM.attributes
                0x00000d6f       0x1d c:/program files (x86)/atmel/atmel toolchain/arm gcc/native/4.8.1437/arm-gnu-toolchain/bin/../lib/gcc/arm-none-eabi/4.8.4/armv7-m\libgcc.a(_aeabi_uldivmod.o)
 .ARM.attributes
                0x00000d8c       0x2d c:/program files (x86)/atmel/atmel toolchain/arm gcc/native/4.8.1437/arm-gnu-toolchain/bin/../lib/gcc/arm-none-eabi/4.8.4/armv7-m\libgcc.a(bpabi.o)
 .ARM.attributes
                0x00000db9       0x1d c:/program files (x86)/atmel/atmel toolchain/arm gcc/native/4.8.1437/arm-gnu-toolchain/bin/../lib/gcc/arm-none-eabi/4.8.4/armv7-m\libgcc.a(_dvmd_tls.o)
 .ARM.attributes
                0x00000dd6       0x2d c:/program files (x86)/atmel/atmel toolchain/arm gcc/native/4.8.1437/arm-gnu-toolchain/bin/../lib/gcc/arm-none-eabi/4.8.4/armv7-m\libgcc.a(_divdi3.o)
 .ARM.attributes
                0x00000e03       0x2d c:/program files (x86)/atmel/atmel toolchain/arm gcc/native/4.8.1437/arm-gnu-toolchain/bin/../lib/gcc/arm-none-eabi/4.8.4/armv7-m\libgcc.a(_udivdi3.o)
 .ARM.attributes
                0x00000e30       0x1d c:/program files (x86)/atmel/atmel toolchain/arm gcc/native/4.8.1437/arm-gnu-toolchain/bin/../lib/gcc/arm-none-eabi/4.8.4/armv7-m/crtn.o

.comment        0x00000000       0x5b
 .comment       0x00000000       0x5b src/AD.o
                                 0x5c (size before relaxing)
 .comment       0x00000000       0x5c src/ASF/common/utils/stdio/read.o
 .comment       0x00000000       0x5c src/ASF/sam/drivers/adc/adc.o
 .comment       0x00000000       0x5c src/ASF/sam/drivers/pwm/pwm.o
 .comment       0x00000000       0x5c src/pwmFunctions.o
 .comment       0x00000000       0x5c src/TaskPWM.o
 .comment       0x00000000       0x5c src/TaskAD.o
 .comment       0x00000000       0x5c src/TaskBluetooth.o
 .comment       0x00000000       0x5c src/ASF/thirdparty/freertos/freertos-7.3.0/source/list.o
 .comment       0x00000000       0x5c src/ASF/thirdparty/freertos/freertos-7.3.0/source/portable/gcc/sam/port.o
 .comment       0x00000000       0x5c src/ASF/thirdparty/freertos/freertos-7.3.0/source/portable/memmang/heap_4.o
 .comment       0x00000000       0x5c src/ASF/thirdparty/freertos/freertos-7.3.0/source/queue.o
 .comment       0x00000000       0x5c src/ASF/thirdparty/freertos/freertos-7.3.0/source/tasks.o
 .comment       0x00000000       0x5c src/ASF/thirdparty/freertos/freertos-7.3.0/source/timers.o
 .comment       0x00000000       0x5c src/ASF/common/utils/stdio/write.o
 .comment       0x00000000       0x5c src/ASF/sam/drivers/uart/uart.o
 .comment       0x00000000       0x5c src/ASF/sam/drivers/usart/usart.o
 .comment       0x00000000       0x5c src/ASF/common/services/clock/sam3x/sysclk.o
 .comment       0x00000000       0x5c src/ASF/sam/boards/arduino_due_x/init.o
 .comment       0x00000000       0x5c src/ASF/sam/drivers/pio/pio.o
 .comment       0x00000000       0x5c src/ASF/sam/drivers/pio/pio_handler.o
 .comment       0x00000000       0x5c src/ASF/sam/drivers/pmc/pmc.o
 .comment       0x00000000       0x5c src/ASF/sam/utils/cmsis/sam3x/source/templates/exceptions.o
 .comment       0x00000000       0x5c src/ASF/sam/utils/cmsis/sam3x/source/templates/gcc/startup_sam3x.o
 .comment       0x00000000       0x5c src/ASF/sam/utils/cmsis/sam3x/source/templates/system_sam3x.o
 .comment       0x00000000       0x5c src/ASF/sam/utils/syscalls/gcc/syscalls.o
 .comment       0x00000000       0x5c src/main.o

.debug_info     0x00000000    0x142db
 .debug_info    0x00000000      0xf3f src/AD.o
 .debug_info    0x00000f3f      0x1bb src/ASF/common/utils/stdio/read.o
 .debug_info    0x000010fa     0x1188 src/ASF/sam/drivers/adc/adc.o
 .debug_info    0x00002282     0x1572 src/ASF/sam/drivers/pwm/pwm.o
 .debug_info    0x000037f4     0x1b6c src/pwmFunctions.o
 .debug_info    0x00005360      0xf8e src/TaskPWM.o
 .debug_info    0x000062ee      0xfd1 src/TaskAD.o
 .debug_info    0x000072bf      0xa83 src/TaskBluetooth.o
 .debug_info    0x00007d42      0x2b7 src/ASF/thirdparty/freertos/freertos-7.3.0/source/list.o
 .debug_info    0x00007ff9      0x3a0 src/ASF/thirdparty/freertos/freertos-7.3.0/source/portable/gcc/sam/port.o
 .debug_info    0x00008399      0x38d src/ASF/thirdparty/freertos/freertos-7.3.0/source/portable/memmang/heap_4.o
 .debug_info    0x00008726      0xf9e src/ASF/thirdparty/freertos/freertos-7.3.0/source/queue.o
 .debug_info    0x000096c4     0x178d src/ASF/thirdparty/freertos/freertos-7.3.0/source/tasks.o
 .debug_info    0x0000ae51      0xb44 src/ASF/thirdparty/freertos/freertos-7.3.0/source/timers.o
 .debug_info    0x0000b995      0x1c0 src/ASF/common/utils/stdio/write.o
 .debug_info    0x0000bb55      0x887 src/ASF/sam/drivers/uart/uart.o
 .debug_info    0x0000c3dc     0x1bf9 src/ASF/sam/drivers/usart/usart.o
 .debug_info    0x0000dfd5      0x787 src/ASF/common/services/clock/sam3x/sysclk.o
 .debug_info    0x0000e75c      0x75a src/ASF/sam/boards/arduino_due_x/init.o
 .debug_info    0x0000eeb6     0x123d src/ASF/sam/drivers/pio/pio.o
 .debug_info    0x000100f3      0xe0e src/ASF/sam/drivers/pio/pio_handler.o
 .debug_info    0x00010f01     0x102d src/ASF/sam/drivers/pmc/pmc.o
 .debug_info    0x00011f2e       0xb9 src/ASF/sam/utils/cmsis/sam3x/source/templates/exceptions.o
 .debug_info    0x00011fe7      0x36d src/ASF/sam/utils/cmsis/sam3x/source/templates/gcc/startup_sam3x.o
 .debug_info    0x00012354      0x476 src/ASF/sam/utils/cmsis/sam3x/source/templates/system_sam3x.o
 .debug_info    0x000127ca      0x43f src/ASF/sam/utils/syscalls/gcc/syscalls.o
 .debug_info    0x00012c09     0x16d2 src/main.o

.debug_abbrev   0x00000000     0x356f
 .debug_abbrev  0x00000000      0x233 src/AD.o
 .debug_abbrev  0x00000233      0x101 src/ASF/common/utils/stdio/read.o
 .debug_abbrev  0x00000334      0x226 src/ASF/sam/drivers/adc/adc.o
 .debug_abbrev  0x0000055a      0x231 src/ASF/sam/drivers/pwm/pwm.o
 .debug_abbrev  0x0000078b      0x295 src/pwmFunctions.o
 .debug_abbrev  0x00000a20      0x239 src/TaskPWM.o
 .debug_abbrev  0x00000c59      0x27a src/TaskAD.o
 .debug_abbrev  0x00000ed3      0x1d7 src/TaskBluetooth.o
 .debug_abbrev  0x000010aa       0xfb src/ASF/thirdparty/freertos/freertos-7.3.0/source/list.o
 .debug_abbrev  0x000011a5      0x246 src/ASF/thirdparty/freertos/freertos-7.3.0/source/portable/gcc/sam/port.o
 .debug_abbrev  0x000013eb      0x220 src/ASF/thirdparty/freertos/freertos-7.3.0/source/portable/memmang/heap_4.o
 .debug_abbrev  0x0000160b      0x288 src/ASF/thirdparty/freertos/freertos-7.3.0/source/queue.o
 .debug_abbrev  0x00001893      0x2e0 src/ASF/thirdparty/freertos/freertos-7.3.0/source/tasks.o
 .debug_abbrev  0x00001b73      0x261 src/ASF/thirdparty/freertos/freertos-7.3.0/source/timers.o
 .debug_abbrev  0x00001dd4       0xf5 src/ASF/common/utils/stdio/write.o
 .debug_abbrev  0x00001ec9      0x1bd src/ASF/sam/drivers/uart/uart.o
 .debug_abbrev  0x00002086      0x2da src/ASF/sam/drivers/usart/usart.o
 .debug_abbrev  0x00002360      0x227 src/ASF/common/services/clock/sam3x/sysclk.o
 .debug_abbrev  0x00002587      0x16f src/ASF/sam/boards/arduino_due_x/init.o
 .debug_abbrev  0x000026f6      0x298 src/ASF/sam/drivers/pio/pio.o
 .debug_abbrev  0x0000298e      0x257 src/ASF/sam/drivers/pio/pio_handler.o
 .debug_abbrev  0x00002be5      0x268 src/ASF/sam/drivers/pmc/pmc.o
 .debug_abbrev  0x00002e4d       0x6c src/ASF/sam/utils/cmsis/sam3x/source/templates/exceptions.o
 .debug_abbrev  0x00002eb9      0x109 src/ASF/sam/utils/cmsis/sam3x/source/templates/gcc/startup_sam3x.o
 .debug_abbrev  0x00002fc2       0xf5 src/ASF/sam/utils/cmsis/sam3x/source/templates/system_sam3x.o
 .debug_abbrev  0x000030b7      0x14e src/ASF/sam/utils/syscalls/gcc/syscalls.o
 .debug_abbrev  0x00003205      0x36a src/main.o

.debug_loc      0x00000000     0x88f1
 .debug_loc     0x00000000       0x20 src/AD.o
 .debug_loc     0x00000020       0xc5 src/ASF/common/utils/stdio/read.o
 .debug_loc     0x000000e5      0x980 src/ASF/sam/drivers/adc/adc.o
 .debug_loc     0x00000a65      0xd48 src/ASF/sam/drivers/pwm/pwm.o
 .debug_loc     0x000017ad      0x3f6 src/pwmFunctions.o
 .debug_loc     0x00001ba3       0x4d src/TaskPWM.o
 .debug_loc     0x00001bf0       0xd7 src/TaskAD.o
 .debug_loc     0x00001cc7       0x41 src/TaskBluetooth.o
 .debug_loc     0x00001d08       0x85 src/ASF/thirdparty/freertos/freertos-7.3.0/source/list.o
 .debug_loc     0x00001d8d      0x100 src/ASF/thirdparty/freertos/freertos-7.3.0/source/portable/gcc/sam/port.o
 .debug_loc     0x00001e8d      0x371 src/ASF/thirdparty/freertos/freertos-7.3.0/source/portable/memmang/heap_4.o
 .debug_loc     0x000021fe     0x1190 src/ASF/thirdparty/freertos/freertos-7.3.0/source/queue.o
 .debug_loc     0x0000338e     0x1578 src/ASF/thirdparty/freertos/freertos-7.3.0/source/tasks.o
 .debug_loc     0x00004906      0x9be src/ASF/thirdparty/freertos/freertos-7.3.0/source/timers.o
 .debug_loc     0x000052c4      0x161 src/ASF/common/utils/stdio/write.o
 .debug_loc     0x00005425      0x236 src/ASF/sam/drivers/uart/uart.o
 .debug_loc     0x0000565b     0x128d src/ASF/sam/drivers/usart/usart.o
 .debug_loc     0x000068e8      0x12d src/ASF/common/services/clock/sam3x/sysclk.o
 .debug_loc     0x00006a15       0x20 src/ASF/sam/boards/arduino_due_x/init.o
 .debug_loc     0x00006a35      0x9dd src/ASF/sam/drivers/pio/pio.o
 .debug_loc     0x00007412      0x4d9 src/ASF/sam/drivers/pio/pio_handler.o
 .debug_loc     0x000078eb      0xbd2 src/ASF/sam/drivers/pmc/pmc.o
 .debug_loc     0x000084bd       0x7e src/ASF/sam/utils/cmsis/sam3x/source/templates/gcc/startup_sam3x.o
 .debug_loc     0x0000853b      0x12b src/ASF/sam/utils/syscalls/gcc/syscalls.o
 .debug_loc     0x00008666      0x28b src/main.o

.debug_aranges  0x00000000      0xfd8
 .debug_aranges
                0x00000000       0x20 src/AD.o
 .debug_aranges
                0x00000020       0x20 src/ASF/common/utils/stdio/read.o
 .debug_aranges
                0x00000040      0x178 src/ASF/sam/drivers/adc/adc.o
 .debug_aranges
                0x000001b8      0x158 src/ASF/sam/drivers/pwm/pwm.o
 .debug_aranges
                0x00000310       0x58 src/pwmFunctions.o
 .debug_aranges
                0x00000368       0x20 src/TaskPWM.o
 .debug_aranges
                0x00000388       0x28 src/TaskAD.o
 .debug_aranges
                0x000003b0       0x20 src/TaskBluetooth.o
 .debug_aranges
                0x000003d0       0x40 src/ASF/thirdparty/freertos/freertos-7.3.0/source/list.o
 .debug_aranges
                0x00000410       0x80 src/ASF/thirdparty/freertos/freertos-7.3.0/source/portable/gcc/sam/port.o
 .debug_aranges
                0x00000490       0x40 src/ASF/thirdparty/freertos/freertos-7.3.0/source/portable/memmang/heap_4.o
 .debug_aranges
                0x000004d0       0xd0 src/ASF/thirdparty/freertos/freertos-7.3.0/source/queue.o
 .debug_aranges
                0x000005a0      0x130 src/ASF/thirdparty/freertos/freertos-7.3.0/source/tasks.o
 .debug_aranges
                0x000006d0       0x60 src/ASF/thirdparty/freertos/freertos-7.3.0/source/timers.o
 .debug_aranges
                0x00000730       0x20 src/ASF/common/utils/stdio/write.o
 .debug_aranges
                0x00000750       0xe8 src/ASF/sam/drivers/uart/uart.o
 .debug_aranges
                0x00000838      0x2a8 src/ASF/sam/drivers/usart/usart.o
 .debug_aranges
                0x00000ae0       0x40 src/ASF/common/services/clock/sam3x/sysclk.o
 .debug_aranges
                0x00000b20       0x20 src/ASF/sam/boards/arduino_due_x/init.o
 .debug_aranges
                0x00000b40      0x148 src/ASF/sam/drivers/pio/pio.o
 .debug_aranges
                0x00000c88       0x58 src/ASF/sam/drivers/pio/pio_handler.o
 .debug_aranges
                0x00000ce0      0x1f8 src/ASF/sam/drivers/pmc/pmc.o
 .debug_aranges
                0x00000ed8       0x20 src/ASF/sam/utils/cmsis/sam3x/source/templates/exceptions.o
 .debug_aranges
                0x00000ef8       0x20 src/ASF/sam/utils/cmsis/sam3x/source/templates/gcc/startup_sam3x.o
 .debug_aranges
                0x00000f18       0x30 src/ASF/sam/utils/cmsis/sam3x/source/templates/system_sam3x.o
 .debug_aranges
                0x00000f48       0x60 src/ASF/sam/utils/syscalls/gcc/syscalls.o
 .debug_aranges
                0x00000fa8       0x30 src/main.o

.debug_ranges   0x00000000      0xef8
 .debug_ranges  0x00000000       0x10 src/AD.o
 .debug_ranges  0x00000010       0x10 src/ASF/common/utils/stdio/read.o
 .debug_ranges  0x00000020      0x168 src/ASF/sam/drivers/adc/adc.o
 .debug_ranges  0x00000188      0x148 src/ASF/sam/drivers/pwm/pwm.o
 .debug_ranges  0x000002d0       0x48 src/pwmFunctions.o
 .debug_ranges  0x00000318       0x28 src/TaskPWM.o
 .debug_ranges  0x00000340       0x18 src/TaskAD.o
 .debug_ranges  0x00000358       0x10 src/TaskBluetooth.o
 .debug_ranges  0x00000368       0x30 src/ASF/thirdparty/freertos/freertos-7.3.0/source/list.o
 .debug_ranges  0x00000398       0x70 src/ASF/thirdparty/freertos/freertos-7.3.0/source/portable/gcc/sam/port.o
 .debug_ranges  0x00000408       0x30 src/ASF/thirdparty/freertos/freertos-7.3.0/source/portable/memmang/heap_4.o
 .debug_ranges  0x00000438       0xd8 src/ASF/thirdparty/freertos/freertos-7.3.0/source/queue.o
 .debug_ranges  0x00000510      0x168 src/ASF/thirdparty/freertos/freertos-7.3.0/source/tasks.o
 .debug_ranges  0x00000678       0xa8 src/ASF/thirdparty/freertos/freertos-7.3.0/source/timers.o
 .debug_ranges  0x00000720       0x10 src/ASF/common/utils/stdio/write.o
 .debug_ranges  0x00000730       0xd8 src/ASF/sam/drivers/uart/uart.o
 .debug_ranges  0x00000808      0x298 src/ASF/sam/drivers/usart/usart.o
 .debug_ranges  0x00000aa0       0x30 src/ASF/common/services/clock/sam3x/sysclk.o
 .debug_ranges  0x00000ad0       0x10 src/ASF/sam/boards/arduino_due_x/init.o
 .debug_ranges  0x00000ae0      0x138 src/ASF/sam/drivers/pio/pio.o
 .debug_ranges  0x00000c18       0x48 src/ASF/sam/drivers/pio/pio_handler.o
 .debug_ranges  0x00000c60      0x1e8 src/ASF/sam/drivers/pmc/pmc.o
 .debug_ranges  0x00000e48       0x10 src/ASF/sam/utils/cmsis/sam3x/source/templates/exceptions.o
 .debug_ranges  0x00000e58       0x10 src/ASF/sam/utils/cmsis/sam3x/source/templates/gcc/startup_sam3x.o
 .debug_ranges  0x00000e68       0x20 src/ASF/sam/utils/cmsis/sam3x/source/templates/system_sam3x.o
 .debug_ranges  0x00000e88       0x50 src/ASF/sam/utils/syscalls/gcc/syscalls.o
 .debug_ranges  0x00000ed8       0x20 src/main.o

.debug_macro    0x00000000    0x1a1c8
 .debug_macro   0x00000000      0x6c5 src/AD.o
 .debug_macro   0x000006c5      0x874 src/AD.o
 .debug_macro   0x00000f39      0x166 src/AD.o
 .debug_macro   0x0000109f      0x44c src/AD.o
 .debug_macro   0x000014eb       0x76 src/AD.o
 .debug_macro   0x00001561       0x16 src/AD.o
 .debug_macro   0x00001577      0x6e1 src/AD.o
 .debug_macro   0x00001c58       0x16 src/AD.o
 .debug_macro   0x00001c6e       0x44 src/AD.o
 .debug_macro   0x00001cb2      0x209 src/AD.o
 .debug_macro   0x00001ebb       0x20 src/AD.o
 .debug_macro   0x00001edb       0x3a src/AD.o
 .debug_macro   0x00001f15       0x18 src/AD.o
 .debug_macro   0x00001f2d      0xb08 src/AD.o
 .debug_macro   0x00002a35      0xab3 src/AD.o
 .debug_macro   0x000034e8      0x566 src/AD.o
 .debug_macro   0x00003a4e      0x2b2 src/AD.o
 .debug_macro   0x00003d00      0x317 src/AD.o
 .debug_macro   0x00004017      0x74c src/AD.o
 .debug_macro   0x00004763       0x82 src/AD.o
 .debug_macro   0x000047e5      0x578 src/AD.o
 .debug_macro   0x00004d5d       0x1c src/AD.o
 .debug_macro   0x00004d79      0x6b5 src/AD.o
 .debug_macro   0x0000542e      0x52a src/AD.o
 .debug_macro   0x00005958       0xbe src/AD.o
 .debug_macro   0x00005a16     0x233f src/AD.o
 .debug_macro   0x00007d55      0x85a src/AD.o
 .debug_macro   0x000085af      0xdc6 src/AD.o
 .debug_macro   0x00009375       0x7c src/AD.o
 .debug_macro   0x000093f1      0x261 src/AD.o
 .debug_macro   0x00009652       0x58 src/AD.o
 .debug_macro   0x000096aa      0x9a5 src/AD.o
 .debug_macro   0x0000a04f      0x246 src/AD.o
 .debug_macro   0x0000a295      0x4dc src/AD.o
 .debug_macro   0x0000a771      0x6b0 src/AD.o
 .debug_macro   0x0000ae21      0x59c src/AD.o
 .debug_macro   0x0000b3bd       0x46 src/AD.o
 .debug_macro   0x0000b403      0x34a src/AD.o
 .debug_macro   0x0000b74d      0x289 src/AD.o
 .debug_macro   0x0000b9d6     0x14d7 src/AD.o
 .debug_macro   0x0000cead      0x7b7 src/AD.o
 .debug_macro   0x0000d664       0x76 src/AD.o
 .debug_macro   0x0000d6da       0x82 src/AD.o
 .debug_macro   0x0000d75c       0x76 src/AD.o
 .debug_macro   0x0000d7d2       0x4c src/AD.o
 .debug_macro   0x0000d81e      0x102 src/AD.o
 .debug_macro   0x0000d920      0x102 src/AD.o
 .debug_macro   0x0000da22      0x102 src/AD.o
 .debug_macro   0x0000db24       0x88 src/AD.o
 .debug_macro   0x0000dbac       0x88 src/AD.o
 .debug_macro   0x0000dc34      0x3b4 src/AD.o
 .debug_macro   0x0000dfe8       0xb8 src/AD.o
 .debug_macro   0x0000e0a0       0xb8 src/AD.o
 .debug_macro   0x0000e158       0xb8 src/AD.o
 .debug_macro   0x0000e210       0xb8 src/AD.o
 .debug_macro   0x0000e2c8      0x2b8 src/AD.o
 .debug_macro   0x0000e580      0x122 src/AD.o
 .debug_macro   0x0000e6a2      0x222 src/AD.o
 .debug_macro   0x0000e8c4      0x222 src/AD.o
 .debug_macro   0x0000eae6       0x2e src/AD.o
 .debug_macro   0x0000eb14       0xac src/AD.o
 .debug_macro   0x0000ebc0      0x14a src/AD.o
 .debug_macro   0x0000ed0a       0x7c src/AD.o
 .debug_macro   0x0000ed86      0x202 src/AD.o
 .debug_macro   0x0000ef88       0x64 src/AD.o
 .debug_macro   0x0000efec       0xa6 src/AD.o
 .debug_macro   0x0000f092       0x7c src/AD.o
 .debug_macro   0x0000f10e       0x16 src/AD.o